10:10:51 **** Rebuild of configuration Debug for project STM32F4_Discovery_FreeRTOS_Simple_Demo ****
Info: Internal Builder is used for build
arm-atollic-eabi-gcc -c ..\Libraries\STM32F4xx_StdPeriph_Driver\src\stm32f4xx_hash_sha1.c -mthumb -mcpu=cortex-m4 -mfloat-abi=softfp -mfpu=fpv4-sp-d16 -std=gnu11 -DUSE_STM32F4_DISCOVERY -DHSE_VALUE=8000000 -DSTM32F4XX -DUSE_STDPERIPH_DRIVER -I../src -I../Libraries/CMSIS/Include -I../Libraries/Device/STM32F4xx/Include -I../Libraries/STM32F4xx_StdPeriph_Driver/inc -I../Utilities/STM32F4-Discovery -I../FreeRTOS_Source/include -I../FreeRTOS_Source/portable/GCC/ARM_CM4F -O0 -ffunction-sections -fdata-sections -g -fstack-usage -Wall -specs=nano.specs -o Libraries\STM32F4xx_StdPeriph_Driver\src\stm32f4xx_hash_sha1.o 
arm-atollic-eabi-gcc -c ..\Utilities\STM32F4-Discovery\stm32f4_discovery_audio_codec.c -mthumb -mcpu=cortex-m4 -mfloat-abi=softfp -mfpu=fpv4-sp-d16 -std=gnu11 -DUSE_STM32F4_DISCOVERY -DHSE_VALUE=8000000 -DSTM32F4XX -DUSE_STDPERIPH_DRIVER -I../src -I../Libraries/CMSIS/Include -I../Libraries/Device/STM32F4xx/Include -I../Libraries/STM32F4xx_StdPeriph_Driver/inc -I../Utilities/STM32F4-Discovery -I../FreeRTOS_Source/include -I../FreeRTOS_Source/portable/GCC/ARM_CM4F -O0 -ffunction-sections -fdata-sections -g -fstack-usage -Wall -specs=nano.specs -o Utilities\STM32F4-Discovery\stm32f4_discovery_audio_codec.o 
arm-atollic-eabi-gcc -c ..\Libraries\STM32F4xx_StdPeriph_Driver\src\stm32f4xx_sdio.c -mthumb -mcpu=cortex-m4 -mfloat-abi=softfp -mfpu=fpv4-sp-d16 -std=gnu11 -DUSE_STM32F4_DISCOVERY -DHSE_VALUE=8000000 -DSTM32F4XX -DUSE_STDPERIPH_DRIVER -I../src -I../Libraries/CMSIS/Include -I../Libraries/Device/STM32F4xx/Include -I../Libraries/STM32F4xx_StdPeriph_Driver/inc -I../Utilities/STM32F4-Discovery -I../FreeRTOS_Source/include -I../FreeRTOS_Source/portable/GCC/ARM_CM4F -O0 -ffunction-sections -fdata-sections -g -fstack-usage -Wall -specs=nano.specs -o Libraries\STM32F4xx_StdPeriph_Driver\src\stm32f4xx_sdio.o 
arm-atollic-eabi-gcc -c ..\Libraries\STM32F4xx_StdPeriph_Driver\src\stm32f4xx_cryp_des.c -mthumb -mcpu=cortex-m4 -mfloat-abi=softfp -mfpu=fpv4-sp-d16 -std=gnu11 -DUSE_STM32F4_DISCOVERY -DHSE_VALUE=8000000 -DSTM32F4XX -DUSE_STDPERIPH_DRIVER -I../src -I../Libraries/CMSIS/Include -I../Libraries/Device/STM32F4xx/Include -I../Libraries/STM32F4xx_StdPeriph_Driver/inc -I../Utilities/STM32F4-Discovery -I../FreeRTOS_Source/include -I../FreeRTOS_Source/portable/GCC/ARM_CM4F -O0 -ffunction-sections -fdata-sections -g -fstack-usage -Wall -specs=nano.specs -o Libraries\STM32F4xx_StdPeriph_Driver\src\stm32f4xx_cryp_des.o 
arm-atollic-eabi-gcc -c ..\Libraries\STM32F4xx_StdPeriph_Driver\src\stm32f4xx_hash.c -mthumb -mcpu=cortex-m4 -mfloat-abi=softfp -mfpu=fpv4-sp-d16 -std=gnu11 -DUSE_STM32F4_DISCOVERY -DHSE_VALUE=8000000 -DSTM32F4XX -DUSE_STDPERIPH_DRIVER -I../src -I../Libraries/CMSIS/Include -I../Libraries/Device/STM32F4xx/Include -I../Libraries/STM32F4xx_StdPeriph_Driver/inc -I../Utilities/STM32F4-Discovery -I../FreeRTOS_Source/include -I../FreeRTOS_Source/portable/GCC/ARM_CM4F -O0 -ffunction-sections -fdata-sections -g -fstack-usage -Wall -specs=nano.specs -o Libraries\STM32F4xx_StdPeriph_Driver\src\stm32f4xx_hash.o 
arm-atollic-eabi-gcc -c ..\Libraries\STM32F4xx_StdPeriph_Driver\src\stm32f4xx_usart.c -mthumb -mcpu=cortex-m4 -mfloat-abi=softfp -mfpu=fpv4-sp-d16 -std=gnu11 -DUSE_STM32F4_DISCOVERY -DHSE_VALUE=8000000 -DSTM32F4XX -DUSE_STDPERIPH_DRIVER -I../src -I../Libraries/CMSIS/Include -I../Libraries/Device/STM32F4xx/Include -I../Libraries/STM32F4xx_StdPeriph_Driver/inc -I../Utilities/STM32F4-Discovery -I../FreeRTOS_Source/include -I../FreeRTOS_Source/portable/GCC/ARM_CM4F -O0 -ffunction-sections -fdata-sections -g -fstack-usage -Wall -specs=nano.specs -o Libraries\STM32F4xx_StdPeriph_Driver\src\stm32f4xx_usart.o 
arm-atollic-eabi-gcc -c ..\Libraries\STM32F4xx_StdPeriph_Driver\src\stm32f4xx_cryp_tdes.c -mthumb -mcpu=cortex-m4 -mfloat-abi=softfp -mfpu=fpv4-sp-d16 -std=gnu11 -DUSE_STM32F4_DISCOVERY -DHSE_VALUE=8000000 -DSTM32F4XX -DUSE_STDPERIPH_DRIVER -I../src -I../Libraries/CMSIS/Include -I../Libraries/Device/STM32F4xx/Include -I../Libraries/STM32F4xx_StdPeriph_Driver/inc -I../Utilities/STM32F4-Discovery -I../FreeRTOS_Source/include -I../FreeRTOS_Source/portable/GCC/ARM_CM4F -O0 -ffunction-sections -fdata-sections -g -fstack-usage -Wall -specs=nano.specs -o Libraries\STM32F4xx_StdPeriph_Driver\src\stm32f4xx_cryp_tdes.o 
arm-atollic-eabi-gcc -c ..\FreeRTOS_Source\timers.c -mthumb -mcpu=cortex-m4 -mfloat-abi=softfp -mfpu=fpv4-sp-d16 -std=gnu11 -DUSE_STM32F4_DISCOVERY -DHSE_VALUE=8000000 -DSTM32F4XX -DUSE_STDPERIPH_DRIVER -I../src -I../Libraries/CMSIS/Include -I../Libraries/Device/STM32F4xx/Include -I../Libraries/STM32F4xx_StdPeriph_Driver/inc -I../Utilities/STM32F4-Discovery -I../FreeRTOS_Source/include -I../FreeRTOS_Source/portable/GCC/ARM_CM4F -O0 -ffunction-sections -fdata-sections -g -fstack-usage -Wall -specs=nano.specs -o FreeRTOS_Source\timers.o 
arm-atollic-eabi-gcc -c ..\Utilities\STM32F4-Discovery\stm32f4_discovery.c -mthumb -mcpu=cortex-m4 -mfloat-abi=softfp -mfpu=fpv4-sp-d16 -std=gnu11 -DUSE_STM32F4_DISCOVERY -DHSE_VALUE=8000000 -DSTM32F4XX -DUSE_STDPERIPH_DRIVER -I../src -I../Libraries/CMSIS/Include -I../Libraries/Device/STM32F4xx/Include -I../Libraries/STM32F4xx_StdPeriph_Driver/inc -I../Utilities/STM32F4-Discovery -I../FreeRTOS_Source/include -I../FreeRTOS_Source/portable/GCC/ARM_CM4F -O0 -ffunction-sections -fdata-sections -g -fstack-usage -Wall -specs=nano.specs -o Utilities\STM32F4-Discovery\stm32f4_discovery.o 
arm-atollic-eabi-gcc -c ..\src\main.c -mthumb -mcpu=cortex-m4 -mfloat-abi=softfp -mfpu=fpv4-sp-d16 -std=gnu11 -DUSE_STM32F4_DISCOVERY -DHSE_VALUE=8000000 -DSTM32F4XX -DUSE_STDPERIPH_DRIVER -I../src -I../Libraries/CMSIS/Include -I../Libraries/Device/STM32F4xx/Include -I../Libraries/STM32F4xx_StdPeriph_Driver/inc -I../Utilities/STM32F4-Discovery -I../FreeRTOS_Source/include -I../FreeRTOS_Source/portable/GCC/ARM_CM4F -O0 -ffunction-sections -fdata-sections -g -fstack-usage -Wall -specs=nano.specs -o src\main.o 
arm-atollic-eabi-gcc -c ..\FreeRTOS_Source\queue.c -mthumb -mcpu=cortex-m4 -mfloat-abi=softfp -mfpu=fpv4-sp-d16 -std=gnu11 -DUSE_STM32F4_DISCOVERY -DHSE_VALUE=8000000 -DSTM32F4XX -DUSE_STDPERIPH_DRIVER -I../src -I../Libraries/CMSIS/Include -I../Libraries/Device/STM32F4xx/Include -I../Libraries/STM32F4xx_StdPeriph_Driver/inc -I../Utilities/STM32F4-Discovery -I../FreeRTOS_Source/include -I../FreeRTOS_Source/portable/GCC/ARM_CM4F -O0 -ffunction-sections -fdata-sections -g -fstack-usage -Wall -specs=nano.specs -o FreeRTOS_Source\queue.o 
arm-atollic-eabi-gcc -c ..\Libraries\STM32F4xx_StdPeriph_Driver\src\stm32f4xx_flash.c -mthumb -mcpu=cortex-m4 -mfloat-abi=softfp -mfpu=fpv4-sp-d16 -std=gnu11 -DUSE_STM32F4_DISCOVERY -DHSE_VALUE=8000000 -DSTM32F4XX -DUSE_STDPERIPH_DRIVER -I../src -I../Libraries/CMSIS/Include -I../Libraries/Device/STM32F4xx/Include -I../Libraries/STM32F4xx_StdPeriph_Driver/inc -I../Utilities/STM32F4-Discovery -I../FreeRTOS_Source/include -I../FreeRTOS_Source/portable/GCC/ARM_CM4F -O0 -ffunction-sections -fdata-sections -g -fstack-usage -Wall -specs=nano.specs -o Libraries\STM32F4xx_StdPeriph_Driver\src\stm32f4xx_flash.o 
arm-atollic-eabi-gcc -c ..\Libraries\STM32F4xx_StdPeriph_Driver\src\stm32f4xx_tim.c -mthumb -mcpu=cortex-m4 -mfloat-abi=softfp -mfpu=fpv4-sp-d16 -std=gnu11 -DUSE_STM32F4_DISCOVERY -DHSE_VALUE=8000000 -DSTM32F4XX -DUSE_STDPERIPH_DRIVER -I../src -I../Libraries/CMSIS/Include -I../Libraries/Device/STM32F4xx/Include -I../Libraries/STM32F4xx_StdPeriph_Driver/inc -I../Utilities/STM32F4-Discovery -I../FreeRTOS_Source/include -I../FreeRTOS_Source/portable/GCC/ARM_CM4F -O0 -ffunction-sections -fdata-sections -g -fstack-usage -Wall -specs=nano.specs -o Libraries\STM32F4xx_StdPeriph_Driver\src\stm32f4xx_tim.o 
arm-atollic-eabi-gcc -c ..\Libraries\STM32F4xx_StdPeriph_Driver\src\stm32f4xx_wwdg.c -mthumb -mcpu=cortex-m4 -mfloat-abi=softfp -mfpu=fpv4-sp-d16 -std=gnu11 -DUSE_STM32F4_DISCOVERY -DHSE_VALUE=8000000 -DSTM32F4XX -DUSE_STDPERIPH_DRIVER -I../src -I../Libraries/CMSIS/Include -I../Libraries/Device/STM32F4xx/Include -I../Libraries/STM32F4xx_StdPeriph_Driver/inc -I../Utilities/STM32F4-Discovery -I../FreeRTOS_Source/include -I../FreeRTOS_Source/portable/GCC/ARM_CM4F -O0 -ffunction-sections -fdata-sections -g -fstack-usage -Wall -specs=nano.specs -o Libraries\STM32F4xx_StdPeriph_Driver\src\stm32f4xx_wwdg.o 
arm-atollic-eabi-gcc -c ..\src\system_stm32f4xx.c -mthumb -mcpu=cortex-m4 -mfloat-abi=softfp -mfpu=fpv4-sp-d16 -std=gnu11 -DUSE_STM32F4_DISCOVERY -DHSE_VALUE=8000000 -DSTM32F4XX -DUSE_STDPERIPH_DRIVER -I../src -I../Libraries/CMSIS/Include -I../Libraries/Device/STM32F4xx/Include -I../Libraries/STM32F4xx_StdPeriph_Driver/inc -I../Utilities/STM32F4-Discovery -I../FreeRTOS_Source/include -I../FreeRTOS_Source/portable/GCC/ARM_CM4F -O0 -ffunction-sections -fdata-sections -g -fstack-usage -Wall -specs=nano.specs -o src\system_stm32f4xx.o 
arm-atollic-eabi-gcc -c ..\Utilities\STM32F4-Discovery\stm32f4_discovery_lis302dl.c -mthumb -mcpu=cortex-m4 -mfloat-abi=softfp -mfpu=fpv4-sp-d16 -std=gnu11 -DUSE_STM32F4_DISCOVERY -DHSE_VALUE=8000000 -DSTM32F4XX -DUSE_STDPERIPH_DRIVER -I../src -I../Libraries/CMSIS/Include -I../Libraries/Device/STM32F4xx/Include -I../Libraries/STM32F4xx_StdPeriph_Driver/inc -I../Utilities/STM32F4-Discovery -I../FreeRTOS_Source/include -I../FreeRTOS_Source/portable/GCC/ARM_CM4F -O0 -ffunction-sections -fdata-sections -g -fstack-usage -Wall -specs=nano.specs -o Utilities\STM32F4-Discovery\stm32f4_discovery_lis302dl.o 
arm-atollic-eabi-gcc -c ..\Libraries\STM32F4xx_StdPeriph_Driver\src\stm32f4xx_dbgmcu.c -mthumb -mcpu=cortex-m4 -mfloat-abi=softfp -mfpu=fpv4-sp-d16 -std=gnu11 -DUSE_STM32F4_DISCOVERY -DHSE_VALUE=8000000 -DSTM32F4XX -DUSE_STDPERIPH_DRIVER -I../src -I../Libraries/CMSIS/Include -I../Libraries/Device/STM32F4xx/Include -I../Libraries/STM32F4xx_StdPeriph_Driver/inc -I../Utilities/STM32F4-Discovery -I../FreeRTOS_Source/include -I../FreeRTOS_Source/portable/GCC/ARM_CM4F -O0 -ffunction-sections -fdata-sections -g -fstack-usage -Wall -specs=nano.specs -o Libraries\STM32F4xx_StdPeriph_Driver\src\stm32f4xx_dbgmcu.o 
arm-atollic-eabi-gcc -c ..\Libraries\STM32F4xx_StdPeriph_Driver\src\stm32f4xx_dcmi.c -mthumb -mcpu=cortex-m4 -mfloat-abi=softfp -mfpu=fpv4-sp-d16 -std=gnu11 -DUSE_STM32F4_DISCOVERY -DHSE_VALUE=8000000 -DSTM32F4XX -DUSE_STDPERIPH_DRIVER -I../src -I../Libraries/CMSIS/Include -I../Libraries/Device/STM32F4xx/Include -I../Libraries/STM32F4xx_StdPeriph_Driver/inc -I../Utilities/STM32F4-Discovery -I../FreeRTOS_Source/include -I../FreeRTOS_Source/portable/GCC/ARM_CM4F -O0 -ffunction-sections -fdata-sections -g -fstack-usage -Wall -specs=nano.specs -o Libraries\STM32F4xx_StdPeriph_Driver\src\stm32f4xx_dcmi.o 
arm-atollic-eabi-gcc -c ..\Libraries\STM32F4xx_StdPeriph_Driver\src\stm32f4xx_gpio.c -mthumb -mcpu=cortex-m4 -mfloat-abi=softfp -mfpu=fpv4-sp-d16 -std=gnu11 -DUSE_STM32F4_DISCOVERY -DHSE_VALUE=8000000 -DSTM32F4XX -DUSE_STDPERIPH_DRIVER -I../src -I../Libraries/CMSIS/Include -I../Libraries/Device/STM32F4xx/Include -I../Libraries/STM32F4xx_StdPeriph_Driver/inc -I../Utilities/STM32F4-Discovery -I../FreeRTOS_Source/include -I../FreeRTOS_Source/portable/GCC/ARM_CM4F -O0 -ffunction-sections -fdata-sections -g -fstack-usage -Wall -specs=nano.specs -o Libraries\STM32F4xx_StdPeriph_Driver\src\stm32f4xx_gpio.o 
arm-atollic-eabi-gcc -c ..\FreeRTOS_Source\portable\GCC\ARM_CM4F\port.c -mthumb -mcpu=cortex-m4 -mfloat-abi=softfp -mfpu=fpv4-sp-d16 -std=gnu11 -DUSE_STM32F4_DISCOVERY -DHSE_VALUE=8000000 -DSTM32F4XX -DUSE_STDPERIPH_DRIVER -I../src -I../Libraries/CMSIS/Include -I../Libraries/Device/STM32F4xx/Include -I../Libraries/STM32F4xx_StdPeriph_Driver/inc -I../Utilities/STM32F4-Discovery -I../FreeRTOS_Source/include -I../FreeRTOS_Source/portable/GCC/ARM_CM4F -O0 -ffunction-sections -fdata-sections -g -fstack-usage -Wall -specs=nano.specs -o FreeRTOS_Source\portable\GCC\ARM_CM4F\port.o 
arm-atollic-eabi-gcc -c ..\Libraries\STM32F4xx_StdPeriph_Driver\src\stm32f4xx_can.c -mthumb -mcpu=cortex-m4 -mfloat-abi=softfp -mfpu=fpv4-sp-d16 -std=gnu11 -DUSE_STM32F4_DISCOVERY -DHSE_VALUE=8000000 -DSTM32F4XX -DUSE_STDPERIPH_DRIVER -I../src -I../Libraries/CMSIS/Include -I../Libraries/Device/STM32F4xx/Include -I../Libraries/STM32F4xx_StdPeriph_Driver/inc -I../Utilities/STM32F4-Discovery -I../FreeRTOS_Source/include -I../FreeRTOS_Source/portable/GCC/ARM_CM4F -O0 -ffunction-sections -fdata-sections -g -fstack-usage -Wall -specs=nano.specs -o Libraries\STM32F4xx_StdPeriph_Driver\src\stm32f4xx_can.o 
arm-atollic-eabi-gcc -c ..\FreeRTOS_Source\event_groups.c -mthumb -mcpu=cortex-m4 -mfloat-abi=softfp -mfpu=fpv4-sp-d16 -std=gnu11 -DUSE_STM32F4_DISCOVERY -DHSE_VALUE=8000000 -DSTM32F4XX -DUSE_STDPERIPH_DRIVER -I../src -I../Libraries/CMSIS/Include -I../Libraries/Device/STM32F4xx/Include -I../Libraries/STM32F4xx_StdPeriph_Driver/inc -I../Utilities/STM32F4-Discovery -I../FreeRTOS_Source/include -I../FreeRTOS_Source/portable/GCC/ARM_CM4F -O0 -ffunction-sections -fdata-sections -g -fstack-usage -Wall -specs=nano.specs -o FreeRTOS_Source\event_groups.o 
arm-atollic-eabi-gcc -c ..\Libraries\STM32F4xx_StdPeriph_Driver\src\stm32f4xx_cryp_aes.c -mthumb -mcpu=cortex-m4 -mfloat-abi=softfp -mfpu=fpv4-sp-d16 -std=gnu11 -DUSE_STM32F4_DISCOVERY -DHSE_VALUE=8000000 -DSTM32F4XX -DUSE_STDPERIPH_DRIVER -I../src -I../Libraries/CMSIS/Include -I../Libraries/Device/STM32F4xx/Include -I../Libraries/STM32F4xx_StdPeriph_Driver/inc -I../Utilities/STM32F4-Discovery -I../FreeRTOS_Source/include -I../FreeRTOS_Source/portable/GCC/ARM_CM4F -O0 -ffunction-sections -fdata-sections -g -fstack-usage -Wall -specs=nano.specs -o Libraries\STM32F4xx_StdPeriph_Driver\src\stm32f4xx_cryp_aes.o 
arm-atollic-eabi-gcc -c ..\Libraries\STM32F4xx_StdPeriph_Driver\src\stm32f4xx_hash_md5.c -mthumb -mcpu=cortex-m4 -mfloat-abi=softfp -mfpu=fpv4-sp-d16 -std=gnu11 -DUSE_STM32F4_DISCOVERY -DHSE_VALUE=8000000 -DSTM32F4XX -DUSE_STDPERIPH_DRIVER -I../src -I../Libraries/CMSIS/Include -I../Libraries/Device/STM32F4xx/Include -I../Libraries/STM32F4xx_StdPeriph_Driver/inc -I../Utilities/STM32F4-Discovery -I../FreeRTOS_Source/include -I../FreeRTOS_Source/portable/GCC/ARM_CM4F -O0 -ffunction-sections -fdata-sections -g -fstack-usage -Wall -specs=nano.specs -o Libraries\STM32F4xx_StdPeriph_Driver\src\stm32f4xx_hash_md5.o 
arm-atollic-eabi-gcc -c ..\Libraries\STM32F4xx_StdPeriph_Driver\src\stm32f4xx_syscfg.c -mthumb -mcpu=cortex-m4 -mfloat-abi=softfp -mfpu=fpv4-sp-d16 -std=gnu11 -DUSE_STM32F4_DISCOVERY -DHSE_VALUE=8000000 -DSTM32F4XX -DUSE_STDPERIPH_DRIVER -I../src -I../Libraries/CMSIS/Include -I../Libraries/Device/STM32F4xx/Include -I../Libraries/STM32F4xx_StdPeriph_Driver/inc -I../Utilities/STM32F4-Discovery -I../FreeRTOS_Source/include -I../FreeRTOS_Source/portable/GCC/ARM_CM4F -O0 -ffunction-sections -fdata-sections -g -fstack-usage -Wall -specs=nano.specs -o Libraries\STM32F4xx_StdPeriph_Driver\src\stm32f4xx_syscfg.o 
arm-atollic-eabi-gcc -c ..\FreeRTOS_Source\list.c -mthumb -mcpu=cortex-m4 -mfloat-abi=softfp -mfpu=fpv4-sp-d16 -std=gnu11 -DUSE_STM32F4_DISCOVERY -DHSE_VALUE=8000000 -DSTM32F4XX -DUSE_STDPERIPH_DRIVER -I../src -I../Libraries/CMSIS/Include -I../Libraries/Device/STM32F4xx/Include -I../Libraries/STM32F4xx_StdPeriph_Driver/inc -I../Utilities/STM32F4-Discovery -I../FreeRTOS_Source/include -I../FreeRTOS_Source/portable/GCC/ARM_CM4F -O0 -ffunction-sections -fdata-sections -g -fstack-usage -Wall -specs=nano.specs -o FreeRTOS_Source\list.o 
arm-atollic-eabi-gcc -c ..\Libraries\STM32F4xx_StdPeriph_Driver\src\stm32f4xx_cryp.c -mthumb -mcpu=cortex-m4 -mfloat-abi=softfp -mfpu=fpv4-sp-d16 -std=gnu11 -DUSE_STM32F4_DISCOVERY -DHSE_VALUE=8000000 -DSTM32F4XX -DUSE_STDPERIPH_DRIVER -I../src -I../Libraries/CMSIS/Include -I../Libraries/Device/STM32F4xx/Include -I../Libraries/STM32F4xx_StdPeriph_Driver/inc -I../Utilities/STM32F4-Discovery -I../FreeRTOS_Source/include -I../FreeRTOS_Source/portable/GCC/ARM_CM4F -O0 -ffunction-sections -fdata-sections -g -fstack-usage -Wall -specs=nano.specs -o Libraries\STM32F4xx_StdPeriph_Driver\src\stm32f4xx_cryp.o 
arm-atollic-eabi-gcc -c -mthumb -mcpu=cortex-m4 -mfloat-abi=softfp -mfpu=fpv4-sp-d16 -I../FreeRTOS_Source/include -I../FreeRTOS_Source/portable/GCC/ARM_CM4F -g -Wa,--warn -x assembler-with-cpp -specs=nano.specs -o src\startup_stm32f4xx.o ..\src\startup_stm32f4xx.s 
arm-atollic-eabi-gcc -c ..\Libraries\STM32F4xx_StdPeriph_Driver\src\stm32f4xx_dma.c -mthumb -mcpu=cortex-m4 -mfloat-abi=softfp -mfpu=fpv4-sp-d16 -std=gnu11 -DUSE_STM32F4_DISCOVERY -DHSE_VALUE=8000000 -DSTM32F4XX -DUSE_STDPERIPH_DRIVER -I../src -I../Libraries/CMSIS/Include -I../Libraries/Device/STM32F4xx/Include -I../Libraries/STM32F4xx_StdPeriph_Driver/inc -I../Utilities/STM32F4-Discovery -I../FreeRTOS_Source/include -I../FreeRTOS_Source/portable/GCC/ARM_CM4F -O0 -ffunction-sections -fdata-sections -g -fstack-usage -Wall -specs=nano.specs -o Libraries\STM32F4xx_StdPeriph_Driver\src\stm32f4xx_dma.o 
arm-atollic-eabi-gcc -c ..\Libraries\STM32F4xx_StdPeriph_Driver\src\stm32f4xx_rcc.c -mthumb -mcpu=cortex-m4 -mfloat-abi=softfp -mfpu=fpv4-sp-d16 -std=gnu11 -DUSE_STM32F4_DISCOVERY -DHSE_VALUE=8000000 -DSTM32F4XX -DUSE_STDPERIPH_DRIVER -I../src -I../Libraries/CMSIS/Include -I../Libraries/Device/STM32F4xx/Include -I../Libraries/STM32F4xx_StdPeriph_Driver/inc -I../Utilities/STM32F4-Discovery -I../FreeRTOS_Source/include -I../FreeRTOS_Source/portable/GCC/ARM_CM4F -O0 -ffunction-sections -fdata-sections -g -fstack-usage -Wall -specs=nano.specs -o Libraries\STM32F4xx_StdPeriph_Driver\src\stm32f4xx_rcc.o 
arm-atollic-eabi-gcc -c ..\Libraries\STM32F4xx_StdPeriph_Driver\src\stm32f4xx_adc.c -mthumb -mcpu=cortex-m4 -mfloat-abi=softfp -mfpu=fpv4-sp-d16 -std=gnu11 -DUSE_STM32F4_DISCOVERY -DHSE_VALUE=8000000 -DSTM32F4XX -DUSE_STDPERIPH_DRIVER -I../src -I../Libraries/CMSIS/Include -I../Libraries/Device/STM32F4xx/Include -I../Libraries/STM32F4xx_StdPeriph_Driver/inc -I../Utilities/STM32F4-Discovery -I../FreeRTOS_Source/include -I../FreeRTOS_Source/portable/GCC/ARM_CM4F -O0 -ffunction-sections -fdata-sections -g -fstack-usage -Wall -specs=nano.specs -o Libraries\STM32F4xx_StdPeriph_Driver\src\stm32f4xx_adc.o 
arm-atollic-eabi-gcc -c ..\Libraries\STM32F4xx_StdPeriph_Driver\src\stm32f4xx_pwr.c -mthumb -mcpu=cortex-m4 -mfloat-abi=softfp -mfpu=fpv4-sp-d16 -std=gnu11 -DUSE_STM32F4_DISCOVERY -DHSE_VALUE=8000000 -DSTM32F4XX -DUSE_STDPERIPH_DRIVER -I../src -I../Libraries/CMSIS/Include -I../Libraries/Device/STM32F4xx/Include -I../Libraries/STM32F4xx_StdPeriph_Driver/inc -I../Utilities/STM32F4-Discovery -I../FreeRTOS_Source/include -I../FreeRTOS_Source/portable/GCC/ARM_CM4F -O0 -ffunction-sections -fdata-sections -g -fstack-usage -Wall -specs=nano.specs -o Libraries\STM32F4xx_StdPeriph_Driver\src\stm32f4xx_pwr.o 
arm-atollic-eabi-gcc -c ..\Libraries\STM32F4xx_StdPeriph_Driver\src\stm32f4xx_fsmc.c -mthumb -mcpu=cortex-m4 -mfloat-abi=softfp -mfpu=fpv4-sp-d16 -std=gnu11 -DUSE_STM32F4_DISCOVERY -DHSE_VALUE=8000000 -DSTM32F4XX -DUSE_STDPERIPH_DRIVER -I../src -I../Libraries/CMSIS/Include -I../Libraries/Device/STM32F4xx/Include -I../Libraries/STM32F4xx_StdPeriph_Driver/inc -I../Utilities/STM32F4-Discovery -I../FreeRTOS_Source/include -I../FreeRTOS_Source/portable/GCC/ARM_CM4F -O0 -ffunction-sections -fdata-sections -g -fstack-usage -Wall -specs=nano.specs -o Libraries\STM32F4xx_StdPeriph_Driver\src\stm32f4xx_fsmc.o 
arm-atollic-eabi-gcc -c ..\Libraries\STM32F4xx_StdPeriph_Driver\src\stm32f4xx_spi.c -mthumb -mcpu=cortex-m4 -mfloat-abi=softfp -mfpu=fpv4-sp-d16 -std=gnu11 -DUSE_STM32F4_DISCOVERY -DHSE_VALUE=8000000 -DSTM32F4XX -DUSE_STDPERIPH_DRIVER -I../src -I../Libraries/CMSIS/Include -I../Libraries/Device/STM32F4xx/Include -I../Libraries/STM32F4xx_StdPeriph_Driver/inc -I../Utilities/STM32F4-Discovery -I../FreeRTOS_Source/include -I../FreeRTOS_Source/portable/GCC/ARM_CM4F -O0 -ffunction-sections -fdata-sections -g -fstack-usage -Wall -specs=nano.specs -o Libraries\STM32F4xx_StdPeriph_Driver\src\stm32f4xx_spi.o 
arm-atollic-eabi-gcc -c ..\src\stm32f4xx_it.c -mthumb -mcpu=cortex-m4 -mfloat-abi=softfp -mfpu=fpv4-sp-d16 -std=gnu11 -DUSE_STM32F4_DISCOVERY -DHSE_VALUE=8000000 -DSTM32F4XX -DUSE_STDPERIPH_DRIVER -I../src -I../Libraries/CMSIS/Include -I../Libraries/Device/STM32F4xx/Include -I../Libraries/STM32F4xx_StdPeriph_Driver/inc -I../Utilities/STM32F4-Discovery -I../FreeRTOS_Source/include -I../FreeRTOS_Source/portable/GCC/ARM_CM4F -O0 -ffunction-sections -fdata-sections -g -fstack-usage -Wall -specs=nano.specs -o src\stm32f4xx_it.o 
arm-atollic-eabi-gcc -c ..\src\STM32F4-Discovery_callback.c -mthumb -mcpu=cortex-m4 -mfloat-abi=softfp -mfpu=fpv4-sp-d16 -std=gnu11 -DUSE_STM32F4_DISCOVERY -DHSE_VALUE=8000000 -DSTM32F4XX -DUSE_STDPERIPH_DRIVER -I../src -I../Libraries/CMSIS/Include -I../Libraries/Device/STM32F4xx/Include -I../Libraries/STM32F4xx_StdPeriph_Driver/inc -I../Utilities/STM32F4-Discovery -I../FreeRTOS_Source/include -I../FreeRTOS_Source/portable/GCC/ARM_CM4F -O0 -ffunction-sections -fdata-sections -g -fstack-usage -Wall -specs=nano.specs -o src\STM32F4-Discovery_callback.o 
arm-atollic-eabi-gcc -c ..\FreeRTOS_Source\tasks.c -mthumb -mcpu=cortex-m4 -mfloat-abi=softfp -mfpu=fpv4-sp-d16 -std=gnu11 -DUSE_STM32F4_DISCOVERY -DHSE_VALUE=8000000 -DSTM32F4XX -DUSE_STDPERIPH_DRIVER -I../src -I../Libraries/CMSIS/Include -I../Libraries/Device/STM32F4xx/Include -I../Libraries/STM32F4xx_StdPeriph_Driver/inc -I../Utilities/STM32F4-Discovery -I../FreeRTOS_Source/include -I../FreeRTOS_Source/portable/GCC/ARM_CM4F -O0 -ffunction-sections -fdata-sections -g -fstack-usage -Wall -specs=nano.specs -o FreeRTOS_Source\tasks.o 
arm-atollic-eabi-gcc -c ..\Libraries\STM32F4xx_StdPeriph_Driver\src\stm32f4xx_rtc.c -mthumb -mcpu=cortex-m4 -mfloat-abi=softfp -mfpu=fpv4-sp-d16 -std=gnu11 -DUSE_STM32F4_DISCOVERY -DHSE_VALUE=8000000 -DSTM32F4XX -DUSE_STDPERIPH_DRIVER -I../src -I../Libraries/CMSIS/Include -I../Libraries/Device/STM32F4xx/Include -I../Libraries/STM32F4xx_StdPeriph_Driver/inc -I../Utilities/STM32F4-Discovery -I../FreeRTOS_Source/include -I../FreeRTOS_Source/portable/GCC/ARM_CM4F -O0 -ffunction-sections -fdata-sections -g -fstack-usage -Wall -specs=nano.specs -o Libraries\STM32F4xx_StdPeriph_Driver\src\stm32f4xx_rtc.o 
arm-atollic-eabi-gcc -c ..\Libraries\STM32F4xx_StdPeriph_Driver\src\stm32f4xx_crc.c -mthumb -mcpu=cortex-m4 -mfloat-abi=softfp -mfpu=fpv4-sp-d16 -std=gnu11 -DUSE_STM32F4_DISCOVERY -DHSE_VALUE=8000000 -DSTM32F4XX -DUSE_STDPERIPH_DRIVER -I../src -I../Libraries/CMSIS/Include -I../Libraries/Device/STM32F4xx/Include -I../Libraries/STM32F4xx_StdPeriph_Driver/inc -I../Utilities/STM32F4-Discovery -I../FreeRTOS_Source/include -I../FreeRTOS_Source/portable/GCC/ARM_CM4F -O0 -ffunction-sections -fdata-sections -g -fstack-usage -Wall -specs=nano.specs -o Libraries\STM32F4xx_StdPeriph_Driver\src\stm32f4xx_crc.o 
arm-atollic-eabi-gcc -c ..\Libraries\STM32F4xx_StdPeriph_Driver\src\stm32f4xx_i2c.c -mthumb -mcpu=cortex-m4 -mfloat-abi=softfp -mfpu=fpv4-sp-d16 -std=gnu11 -DUSE_STM32F4_DISCOVERY -DHSE_VALUE=8000000 -DSTM32F4XX -DUSE_STDPERIPH_DRIVER -I../src -I../Libraries/CMSIS/Include -I../Libraries/Device/STM32F4xx/Include -I../Libraries/STM32F4xx_StdPeriph_Driver/inc -I../Utilities/STM32F4-Discovery -I../FreeRTOS_Source/include -I../FreeRTOS_Source/portable/GCC/ARM_CM4F -O0 -ffunction-sections -fdata-sections -g -fstack-usage -Wall -specs=nano.specs -o Libraries\STM32F4xx_StdPeriph_Driver\src\stm32f4xx_i2c.o 
arm-atollic-eabi-gcc -c ..\src\tiny_printf.c -mthumb -mcpu=cortex-m4 -mfloat-abi=softfp -mfpu=fpv4-sp-d16 -std=gnu11 -DUSE_STM32F4_DISCOVERY -DHSE_VALUE=8000000 -DSTM32F4XX -DUSE_STDPERIPH_DRIVER -I../src -I../Libraries/CMSIS/Include -I../Libraries/Device/STM32F4xx/Include -I../Libraries/STM32F4xx_StdPeriph_Driver/inc -I../Utilities/STM32F4-Discovery -I../FreeRTOS_Source/include -I../FreeRTOS_Source/portable/GCC/ARM_CM4F -O0 -ffunction-sections -fdata-sections -g -fstack-usage -Wall -specs=nano.specs -o src\tiny_printf.o 
arm-atollic-eabi-gcc -c ..\Libraries\STM32F4xx_StdPeriph_Driver\src\stm32f4xx_exti.c -mthumb -mcpu=cortex-m4 -mfloat-abi=softfp -mfpu=fpv4-sp-d16 -std=gnu11 -DUSE_STM32F4_DISCOVERY -DHSE_VALUE=8000000 -DSTM32F4XX -DUSE_STDPERIPH_DRIVER -I../src -I../Libraries/CMSIS/Include -I../Libraries/Device/STM32F4xx/Include -I../Libraries/STM32F4xx_StdPeriph_Driver/inc -I../Utilities/STM32F4-Discovery -I../FreeRTOS_Source/include -I../FreeRTOS_Source/portable/GCC/ARM_CM4F -O0 -ffunction-sections -fdata-sections -g -fstack-usage -Wall -specs=nano.specs -o Libraries\STM32F4xx_StdPeriph_Driver\src\stm32f4xx_exti.o 
arm-atollic-eabi-gcc -c ..\Libraries\STM32F4xx_StdPeriph_Driver\src\misc.c -mthumb -mcpu=cortex-m4 -mfloat-abi=softfp -mfpu=fpv4-sp-d16 -std=gnu11 -DUSE_STM32F4_DISCOVERY -DHSE_VALUE=8000000 -DSTM32F4XX -DUSE_STDPERIPH_DRIVER -I../src -I../Libraries/CMSIS/Include -I../Libraries/Device/STM32F4xx/Include -I../Libraries/STM32F4xx_StdPeriph_Driver/inc -I../Utilities/STM32F4-Discovery -I../FreeRTOS_Source/include -I../FreeRTOS_Source/portable/GCC/ARM_CM4F -O0 -ffunction-sections -fdata-sections -g -fstack-usage -Wall -specs=nano.specs -o Libraries\STM32F4xx_StdPeriph_Driver\src\misc.o 
arm-atollic-eabi-gcc -c ..\Libraries\STM32F4xx_StdPeriph_Driver\src\stm32f4xx_iwdg.c -mthumb -mcpu=cortex-m4 -mfloat-abi=softfp -mfpu=fpv4-sp-d16 -std=gnu11 -DUSE_STM32F4_DISCOVERY -DHSE_VALUE=8000000 -DSTM32F4XX -DUSE_STDPERIPH_DRIVER -I../src -I../Libraries/CMSIS/Include -I../Libraries/Device/STM32F4xx/Include -I../Libraries/STM32F4xx_StdPeriph_Driver/inc -I../Utilities/STM32F4-Discovery -I../FreeRTOS_Source/include -I../FreeRTOS_Source/portable/GCC/ARM_CM4F -O0 -ffunction-sections -fdata-sections -g -fstack-usage -Wall -specs=nano.specs -o Libraries\STM32F4xx_StdPeriph_Driver\src\stm32f4xx_iwdg.o 
arm-atollic-eabi-gcc -c ..\Libraries\STM32F4xx_StdPeriph_Driver\src\stm32f4xx_rng.c -mthumb -mcpu=cortex-m4 -mfloat-abi=softfp -mfpu=fpv4-sp-d16 -std=gnu11 -DUSE_STM32F4_DISCOVERY -DHSE_VALUE=8000000 -DSTM32F4XX -DUSE_STDPERIPH_DRIVER -I../src -I../Libraries/CMSIS/Include -I../Libraries/Device/STM32F4xx/Include -I../Libraries/STM32F4xx_StdPeriph_Driver/inc -I../Utilities/STM32F4-Discovery -I../FreeRTOS_Source/include -I../FreeRTOS_Source/portable/GCC/ARM_CM4F -O0 -ffunction-sections -fdata-sections -g -fstack-usage -Wall -specs=nano.specs -o Libraries\STM32F4xx_StdPeriph_Driver\src\stm32f4xx_rng.o 
arm-atollic-eabi-gcc -c ..\FreeRTOS_Source\croutine.c -mthumb -mcpu=cortex-m4 -mfloat-abi=softfp -mfpu=fpv4-sp-d16 -std=gnu11 -DUSE_STM32F4_DISCOVERY -DHSE_VALUE=8000000 -DSTM32F4XX -DUSE_STDPERIPH_DRIVER -I../src -I../Libraries/CMSIS/Include -I../Libraries/Device/STM32F4xx/Include -I../Libraries/STM32F4xx_StdPeriph_Driver/inc -I../Utilities/STM32F4-Discovery -I../FreeRTOS_Source/include -I../FreeRTOS_Source/portable/GCC/ARM_CM4F -O0 -ffunction-sections -fdata-sections -g -fstack-usage -Wall -specs=nano.specs -o FreeRTOS_Source\croutine.o 
arm-atollic-eabi-gcc -c ..\FreeRTOS_Source\portable\MemMang\heap_1.c -mthumb -mcpu=cortex-m4 -mfloat-abi=softfp -mfpu=fpv4-sp-d16 -std=gnu11 -DUSE_STM32F4_DISCOVERY -DHSE_VALUE=8000000 -DSTM32F4XX -DUSE_STDPERIPH_DRIVER -I../src -I../Libraries/CMSIS/Include -I../Libraries/Device/STM32F4xx/Include -I../Libraries/STM32F4xx_StdPeriph_Driver/inc -I../Utilities/STM32F4-Discovery -I../FreeRTOS_Source/include -I../FreeRTOS_Source/portable/GCC/ARM_CM4F -O0 -ffunction-sections -fdata-sections -g -fstack-usage -Wall -specs=nano.specs -o FreeRTOS_Source\portable\MemMang\heap_1.o 
arm-atollic-eabi-gcc -c ..\Libraries\STM32F4xx_StdPeriph_Driver\src\stm32f4xx_dac.c -mthumb -mcpu=cortex-m4 -mfloat-abi=softfp -mfpu=fpv4-sp-d16 -std=gnu11 -DUSE_STM32F4_DISCOVERY -DHSE_VALUE=8000000 -DSTM32F4XX -DUSE_STDPERIPH_DRIVER -I../src -I../Libraries/CMSIS/Include -I../Libraries/Device/STM32F4xx/Include -I../Libraries/STM32F4xx_StdPeriph_Driver/inc -I../Utilities/STM32F4-Discovery -I../FreeRTOS_Source/include -I../FreeRTOS_Source/portable/GCC/ARM_CM4F -O0 -ffunction-sections -fdata-sections -g -fstack-usage -Wall -specs=nano.specs -o Libraries\STM32F4xx_StdPeriph_Driver\src\stm32f4xx_dac.o 
arm-atollic-eabi-gcc -o STM32F4_Discovery_FreeRTOS_Simple_Demo.elf FreeRTOS_Source\croutine.o FreeRTOS_Source\event_groups.o FreeRTOS_Source\list.o FreeRTOS_Source\portable\GCC\ARM_CM4F\port.o FreeRTOS_Source\portable\MemMang\heap_1.o FreeRTOS_Source\queue.o FreeRTOS_Source\tasks.o FreeRTOS_Source\timers.o Libraries\STM32F4xx_StdPeriph_Driver\src\misc.o Libraries\STM32F4xx_StdPeriph_Driver\src\stm32f4xx_adc.o Libraries\STM32F4xx_StdPeriph_Driver\src\stm32f4xx_can.o Libraries\STM32F4xx_StdPeriph_Driver\src\stm32f4xx_crc.o Libraries\STM32F4xx_StdPeriph_Driver\src\stm32f4xx_cryp.o Libraries\STM32F4xx_StdPeriph_Driver\src\stm32f4xx_cryp_aes.o Libraries\STM32F4xx_StdPeriph_Driver\src\stm32f4xx_cryp_des.o Libraries\STM32F4xx_StdPeriph_Driver\src\stm32f4xx_cryp_tdes.o Libraries\STM32F4xx_StdPeriph_Driver\src\stm32f4xx_dac.o Libraries\STM32F4xx_StdPeriph_Driver\src\stm32f4xx_dbgmcu.o Libraries\STM32F4xx_StdPeriph_Driver\src\stm32f4xx_dcmi.o Libraries\STM32F4xx_StdPeriph_Driver\src\stm32f4xx_dma.o Libraries\STM32F4xx_StdPeriph_Driver\src\stm32f4xx_exti.o Libraries\STM32F4xx_StdPeriph_Driver\src\stm32f4xx_flash.o Libraries\STM32F4xx_StdPeriph_Driver\src\stm32f4xx_fsmc.o Libraries\STM32F4xx_StdPeriph_Driver\src\stm32f4xx_gpio.o Libraries\STM32F4xx_StdPeriph_Driver\src\stm32f4xx_hash.o Libraries\STM32F4xx_StdPeriph_Driver\src\stm32f4xx_hash_md5.o Libraries\STM32F4xx_StdPeriph_Driver\src\stm32f4xx_hash_sha1.o Libraries\STM32F4xx_StdPeriph_Driver\src\stm32f4xx_i2c.o Libraries\STM32F4xx_StdPeriph_Driver\src\stm32f4xx_iwdg.o Libraries\STM32F4xx_StdPeriph_Driver\src\stm32f4xx_pwr.o Libraries\STM32F4xx_StdPeriph_Driver\src\stm32f4xx_rcc.o Libraries\STM32F4xx_StdPeriph_Driver\src\stm32f4xx_rng.o Libraries\STM32F4xx_StdPeriph_Driver\src\stm32f4xx_rtc.o Libraries\STM32F4xx_StdPeriph_Driver\src\stm32f4xx_sdio.o Libraries\STM32F4xx_StdPeriph_Driver\src\stm32f4xx_spi.o Libraries\STM32F4xx_StdPeriph_Driver\src\stm32f4xx_syscfg.o Libraries\STM32F4xx_StdPeriph_Driver\src\stm32f4xx_tim.o Libraries\STM32F4xx_StdPeriph_Driver\src\stm32f4xx_usart.o Libraries\STM32F4xx_StdPeriph_Driver\src\stm32f4xx_wwdg.o Utilities\STM32F4-Discovery\stm32f4_discovery.o Utilities\STM32F4-Discovery\stm32f4_discovery_audio_codec.o Utilities\STM32F4-Discovery\stm32f4_discovery_lis302dl.o src\STM32F4-Discovery_callback.o src\main.o src\startup_stm32f4xx.o src\stm32f4xx_it.o src\system_stm32f4xx.o src\tiny_printf.o -lm -mthumb -mcpu=cortex-m4 -mfloat-abi=softfp -mfpu=fpv4-sp-d16 -T../stm32f4_flash.ld -specs=nosys.specs -static -Wl,-cref,-u,Reset_Handler -Wl,-Map=STM32F4_Discovery_FreeRTOS_Simple_Demo.map -Wl,--gc-sections -Wl,--defsym=malloc_getpagesize_P=0x80 -Wl,--start-group -lc -lm -Wl,--end-group -specs=nano.specs 
C:\Program Files (x86)\Atollic\TrueSTUDIO for STM32 9.0.1\ide\jre\bin\java -jar C:\Program Files (x86)\Atollic\TrueSTUDIO for STM32 9.0.1\Tools\arm-atollic-reports.jar sizeinfo list STM32F4_Discovery_FreeRTOS_Simple_Demo.elf 
Generate build reports...
Print size information
   text	   data	    bss	    dec	    hex	filename
  12652	     32	   8768	  21452	   53cc	STM32F4_Discovery_FreeRTOS_Simple_Demo.elf
Print size information done
Generate listing file
Output sent to: STM32F4_Discovery_FreeRTOS_Simple_Demo.list
Generate listing file done
Generate build reports done
14:26:46 **** Incremental Build of configuration Debug for project STM32F4_Discovery_FreeRTOS_Simple_Demo ****
Info: Internal Builder is used for build
arm-atollic-eabi-gcc -c ..\src\main.c -mthumb -mcpu=cortex-m4 -mfloat-abi=softfp -mfpu=fpv4-sp-d16 -std=gnu11 -DUSE_STM32F4_DISCOVERY -DHSE_VALUE=8000000 -DSTM32F4XX -DUSE_STDPERIPH_DRIVER -I../src -I../Libraries/CMSIS/Include -I../Libraries/Device/STM32F4xx/Include -I../Libraries/STM32F4xx_StdPeriph_Driver/inc -I../Utilities/STM32F4-Discovery -I../FreeRTOS_Source/include -I../FreeRTOS_Source/portable/GCC/ARM_CM4F -O0 -ffunction-sections -fdata-sections -g -fstack-usage -Wall -specs=nano.specs -o src\main.o 
..\src\main.c: In function 'main':
..\src\main.c:239:16: error: 'prvBlinkTask' undeclared (first use in this function)
  xTaskCreate(  prvBlinkTask,   /* The function that implements the task. */
                ^~~~~~~~~~~~
..\src\main.c:239:16: note: each undeclared identifier is reported only once for each function it appears in
..\src\main.c: In function 'prvBlinkTask':
..\src\main.c:479:3: warning: implicit declaration of function 'STM_EVAL_LEDOn' [-Wimplicit-function-declaration]
   STM_EVAL_LEDOn(LED3);
   ^~~~~~~~~~~~~~
..\src\main.c:479:18: error: 'LED3' undeclared (first use in this function)
   STM_EVAL_LEDOn(LED3);
                  ^~~~
..\src\main.c:482:3: warning: implicit declaration of function 'STM_EVAL_LEDOff' [-Wimplicit-function-declaration]
   STM_EVAL_LEDOff(LED3);
   ^~~~~~~~~~~~~~~
At top level:
..\src\main.c:469:13: warning: 'prvBlinkTask' defined but not used [-Wunused-function]
 static void prvBlinkTask(void *pvParameters)
             ^~~~~~~~~~~~
..\src\main.c:359:13: warning: 'prvEventSemaphoreTask' defined but not used [-Wunused-function]
 static void prvEventSemaphoreTask( void *pvParameters )
             ^~~~~~~~~~~~~~~~~~~~~
..\src\main.c:337:13: warning: 'prvQueueReceiveTask' defined but not used [-Wunused-function]
 static void prvQueueReceiveTask( void *pvParameters )
             ^~~~~~~~~~~~~~~~~~~
..\src\main.c:312:13: warning: 'prvQueueSendTask' defined but not used [-Wunused-function]
 static void prvQueueSendTask( void *pvParameters )
             ^~~~~~~~~~~~~~~~
14:34:05 **** Incremental Build of configuration Debug for project STM32F4_Discovery_FreeRTOS_Simple_Demo ****
Info: Internal Builder is used for build
arm-atollic-eabi-gcc -c ..\src\main.c -mthumb -mcpu=cortex-m4 -mfloat-abi=softfp -mfpu=fpv4-sp-d16 -std=gnu11 -DUSE_STM32F4_DISCOVERY -DHSE_VALUE=8000000 -DSTM32F4XX -DUSE_STDPERIPH_DRIVER -I../src -I../Libraries/CMSIS/Include -I../Libraries/Device/STM32F4xx/Include -I../Libraries/STM32F4xx_StdPeriph_Driver/inc -I../Utilities/STM32F4-Discovery -I../FreeRTOS_Source/include -I../FreeRTOS_Source/portable/GCC/ARM_CM4F -O0 -ffunction-sections -fdata-sections -g -fstack-usage -Wall -specs=nano.specs -o src\main.o 
..\src\main.c: In function 'prvBlinkTask':
..\src\main.c:482:3: warning: implicit declaration of function 'STM_EVAL_LEDOn' [-Wimplicit-function-declaration]
   STM_EVAL_LEDOn(LED3);
   ^~~~~~~~~~~~~~
..\src\main.c:482:18: error: 'LED3' undeclared (first use in this function)
   STM_EVAL_LEDOn(LED3);
                  ^~~~
..\src\main.c:482:18: note: each undeclared identifier is reported only once for each function it appears in
..\src\main.c:485:3: warning: implicit declaration of function 'STM_EVAL_LEDOff' [-Wimplicit-function-declaration]
   STM_EVAL_LEDOff(LED3);
   ^~~~~~~~~~~~~~~
At top level:
..\src\main.c:361:13: warning: 'prvEventSemaphoreTask' defined but not used [-Wunused-function]
 static void prvEventSemaphoreTask( void *pvParameters )
             ^~~~~~~~~~~~~~~~~~~~~
..\src\main.c:339:13: warning: 'prvQueueReceiveTask' defined but not used [-Wunused-function]
 static void prvQueueReceiveTask( void *pvParameters )
             ^~~~~~~~~~~~~~~~~~~
..\src\main.c:314:13: warning: 'prvQueueSendTask' defined but not used [-Wunused-function]
 static void prvQueueSendTask( void *pvParameters )
             ^~~~~~~~~~~~~~~~
14:47:01 **** Incremental Build of configuration Debug for project STM32F4_Discovery_FreeRTOS_Simple_Demo ****
Info: Internal Builder is used for build
arm-atollic-eabi-gcc -c ..\src\main.c -mthumb -mcpu=cortex-m4 -mfloat-abi=softfp -mfpu=fpv4-sp-d16 -std=gnu11 -DUSE_STM32F4_DISCOVERY -DHSE_VALUE=8000000 -DSTM32F4XX -DUSE_STDPERIPH_DRIVER -I../src -I../Libraries/CMSIS/Include -I../Libraries/Device/STM32F4xx/Include -I../Libraries/STM32F4xx_StdPeriph_Driver/inc -I../Utilities/STM32F4-Discovery -I../FreeRTOS_Source/include -I../FreeRTOS_Source/portable/GCC/ARM_CM4F -O0 -ffunction-sections -fdata-sections -g -fstack-usage -Wall -specs=nano.specs -o src\main.o 
..\src\main.c:380:13: warning: 'prvEventSemaphoreTask' defined but not used [-Wunused-function]
 static void prvEventSemaphoreTask( void *pvParameters )
             ^~~~~~~~~~~~~~~~~~~~~
..\src\main.c:355:13: warning: 'prvQueueReceiveTask' defined but not used [-Wunused-function]
 static void prvQueueReceiveTask( void *pvParameters )
             ^~~~~~~~~~~~~~~~~~~
..\src\main.c:327:13: warning: 'prvQueueSendTask' defined but not used [-Wunused-function]
 static void prvQueueSendTask( void *pvParameters )
             ^~~~~~~~~~~~~~~~
arm-atollic-eabi-gcc -o STM32F4_Discovery_FreeRTOS_Simple_Demo.elf FreeRTOS_Source\croutine.o FreeRTOS_Source\event_groups.o FreeRTOS_Source\list.o FreeRTOS_Source\portable\GCC\ARM_CM4F\port.o FreeRTOS_Source\portable\MemMang\heap_1.o FreeRTOS_Source\queue.o FreeRTOS_Source\tasks.o FreeRTOS_Source\timers.o Libraries\STM32F4xx_StdPeriph_Driver\src\misc.o Libraries\STM32F4xx_StdPeriph_Driver\src\stm32f4xx_adc.o Libraries\STM32F4xx_StdPeriph_Driver\src\stm32f4xx_can.o Libraries\STM32F4xx_StdPeriph_Driver\src\stm32f4xx_crc.o Libraries\STM32F4xx_StdPeriph_Driver\src\stm32f4xx_cryp.o Libraries\STM32F4xx_StdPeriph_Driver\src\stm32f4xx_cryp_aes.o Libraries\STM32F4xx_StdPeriph_Driver\src\stm32f4xx_cryp_des.o Libraries\STM32F4xx_StdPeriph_Driver\src\stm32f4xx_cryp_tdes.o Libraries\STM32F4xx_StdPeriph_Driver\src\stm32f4xx_dac.o Libraries\STM32F4xx_StdPeriph_Driver\src\stm32f4xx_dbgmcu.o Libraries\STM32F4xx_StdPeriph_Driver\src\stm32f4xx_dcmi.o Libraries\STM32F4xx_StdPeriph_Driver\src\stm32f4xx_dma.o Libraries\STM32F4xx_StdPeriph_Driver\src\stm32f4xx_exti.o Libraries\STM32F4xx_StdPeriph_Driver\src\stm32f4xx_flash.o Libraries\STM32F4xx_StdPeriph_Driver\src\stm32f4xx_fsmc.o Libraries\STM32F4xx_StdPeriph_Driver\src\stm32f4xx_gpio.o Libraries\STM32F4xx_StdPeriph_Driver\src\stm32f4xx_hash.o Libraries\STM32F4xx_StdPeriph_Driver\src\stm32f4xx_hash_md5.o Libraries\STM32F4xx_StdPeriph_Driver\src\stm32f4xx_hash_sha1.o Libraries\STM32F4xx_StdPeriph_Driver\src\stm32f4xx_i2c.o Libraries\STM32F4xx_StdPeriph_Driver\src\stm32f4xx_iwdg.o Libraries\STM32F4xx_StdPeriph_Driver\src\stm32f4xx_pwr.o Libraries\STM32F4xx_StdPeriph_Driver\src\stm32f4xx_rcc.o Libraries\STM32F4xx_StdPeriph_Driver\src\stm32f4xx_rng.o Libraries\STM32F4xx_StdPeriph_Driver\src\stm32f4xx_rtc.o Libraries\STM32F4xx_StdPeriph_Driver\src\stm32f4xx_sdio.o Libraries\STM32F4xx_StdPeriph_Driver\src\stm32f4xx_spi.o Libraries\STM32F4xx_StdPeriph_Driver\src\stm32f4xx_syscfg.o Libraries\STM32F4xx_StdPeriph_Driver\src\stm32f4xx_tim.o Libraries\STM32F4xx_StdPeriph_Driver\src\stm32f4xx_usart.o Libraries\STM32F4xx_StdPeriph_Driver\src\stm32f4xx_wwdg.o Utilities\STM32F4-Discovery\stm32f4_discovery.o Utilities\STM32F4-Discovery\stm32f4_discovery_audio_codec.o Utilities\STM32F4-Discovery\stm32f4_discovery_lis302dl.o src\STM32F4-Discovery_callback.o src\main.o src\startup_stm32f4xx.o src\stm32f4xx_it.o src\system_stm32f4xx.o src\tiny_printf.o -lm -mthumb -mcpu=cortex-m4 -mfloat-abi=softfp -mfpu=fpv4-sp-d16 -T../stm32f4_flash.ld -specs=nosys.specs -static -Wl,-cref,-u,Reset_Handler -Wl,-Map=STM32F4_Discovery_FreeRTOS_Simple_Demo.map -Wl,--gc-sections -Wl,--defsym=malloc_getpagesize_P=0x80 -Wl,--start-group -lc -lm -Wl,--end-group -specs=nano.specs 
C:\Program Files (x86)\Atollic\TrueSTUDIO for STM32 9.0.1\ide\jre\bin\java -jar C:\Program Files (x86)\Atollic\TrueSTUDIO for STM32 9.0.1\Tools\arm-atollic-reports.jar sizeinfo list STM32F4_Discovery_FreeRTOS_Simple_Demo.elf 
Generate build reports...
Print size information
   text	   data	    bss	    dec	    hex	filename
  13920	     52	   8760	  22732	   58cc	STM32F4_Discovery_FreeRTOS_Simple_Demo.elf
Print size information done
Generate listing file
Output sent to: STM32F4_Discovery_FreeRTOS_Simple_Demo.list
Generate listing file done
Generate build reports done
Info: Nothing to build for STM32F4_Discovery_FreeRTOS_Simple_Demo
14:55:10 **** Incremental Build of configuration Debug for project STM32F4_Discovery_FreeRTOS_Simple_Demo ****
Info: Internal Builder is used for build
arm-atollic-eabi-gcc -c ..\src\main.c -mthumb -mcpu=cortex-m4 -mfloat-abi=softfp -mfpu=fpv4-sp-d16 -std=gnu11 -DUSE_STM32F4_DISCOVERY -DHSE_VALUE=8000000 -DSTM32F4XX -DUSE_STDPERIPH_DRIVER -I../src -I../Libraries/CMSIS/Include -I../Libraries/Device/STM32F4xx/Include -I../Libraries/STM32F4xx_StdPeriph_Driver/inc -I../Utilities/STM32F4-Discovery -I../FreeRTOS_Source/include -I../FreeRTOS_Source/portable/GCC/ARM_CM4F -O0 -ffunction-sections -fdata-sections -g -fstack-usage -Wall -specs=nano.specs -o src\main.o 
..\src\main.c:380:13: warning: 'prvEventSemaphoreTask' defined but not used [-Wunused-function]
 static void prvEventSemaphoreTask( void *pvParameters )
             ^~~~~~~~~~~~~~~~~~~~~
..\src\main.c:355:13: warning: 'prvQueueReceiveTask' defined but not used [-Wunused-function]
 static void prvQueueReceiveTask( void *pvParameters )
             ^~~~~~~~~~~~~~~~~~~
..\src\main.c:327:13: warning: 'prvQueueSendTask' defined but not used [-Wunused-function]
 static void prvQueueSendTask( void *pvParameters )
             ^~~~~~~~~~~~~~~~
arm-atollic-eabi-gcc -o STM32F4_Discovery_FreeRTOS_Simple_Demo.elf FreeRTOS_Source\croutine.o FreeRTOS_Source\event_groups.o FreeRTOS_Source\list.o FreeRTOS_Source\portable\GCC\ARM_CM4F\port.o FreeRTOS_Source\portable\MemMang\heap_1.o FreeRTOS_Source\queue.o FreeRTOS_Source\tasks.o FreeRTOS_Source\timers.o Libraries\STM32F4xx_StdPeriph_Driver\src\misc.o Libraries\STM32F4xx_StdPeriph_Driver\src\stm32f4xx_adc.o Libraries\STM32F4xx_StdPeriph_Driver\src\stm32f4xx_can.o Libraries\STM32F4xx_StdPeriph_Driver\src\stm32f4xx_crc.o Libraries\STM32F4xx_StdPeriph_Driver\src\stm32f4xx_cryp.o Libraries\STM32F4xx_StdPeriph_Driver\src\stm32f4xx_cryp_aes.o Libraries\STM32F4xx_StdPeriph_Driver\src\stm32f4xx_cryp_des.o Libraries\STM32F4xx_StdPeriph_Driver\src\stm32f4xx_cryp_tdes.o Libraries\STM32F4xx_StdPeriph_Driver\src\stm32f4xx_dac.o Libraries\STM32F4xx_StdPeriph_Driver\src\stm32f4xx_dbgmcu.o Libraries\STM32F4xx_StdPeriph_Driver\src\stm32f4xx_dcmi.o Libraries\STM32F4xx_StdPeriph_Driver\src\stm32f4xx_dma.o Libraries\STM32F4xx_StdPeriph_Driver\src\stm32f4xx_exti.o Libraries\STM32F4xx_StdPeriph_Driver\src\stm32f4xx_flash.o Libraries\STM32F4xx_StdPeriph_Driver\src\stm32f4xx_fsmc.o Libraries\STM32F4xx_StdPeriph_Driver\src\stm32f4xx_gpio.o Libraries\STM32F4xx_StdPeriph_Driver\src\stm32f4xx_hash.o Libraries\STM32F4xx_StdPeriph_Driver\src\stm32f4xx_hash_md5.o Libraries\STM32F4xx_StdPeriph_Driver\src\stm32f4xx_hash_sha1.o Libraries\STM32F4xx_StdPeriph_Driver\src\stm32f4xx_i2c.o Libraries\STM32F4xx_StdPeriph_Driver\src\stm32f4xx_iwdg.o Libraries\STM32F4xx_StdPeriph_Driver\src\stm32f4xx_pwr.o Libraries\STM32F4xx_StdPeriph_Driver\src\stm32f4xx_rcc.o Libraries\STM32F4xx_StdPeriph_Driver\src\stm32f4xx_rng.o Libraries\STM32F4xx_StdPeriph_Driver\src\stm32f4xx_rtc.o Libraries\STM32F4xx_StdPeriph_Driver\src\stm32f4xx_sdio.o Libraries\STM32F4xx_StdPeriph_Driver\src\stm32f4xx_spi.o Libraries\STM32F4xx_StdPeriph_Driver\src\stm32f4xx_syscfg.o Libraries\STM32F4xx_StdPeriph_Driver\src\stm32f4xx_tim.o Libraries\STM32F4xx_StdPeriph_Driver\src\stm32f4xx_usart.o Libraries\STM32F4xx_StdPeriph_Driver\src\stm32f4xx_wwdg.o Utilities\STM32F4-Discovery\stm32f4_discovery.o Utilities\STM32F4-Discovery\stm32f4_discovery_audio_codec.o Utilities\STM32F4-Discovery\stm32f4_discovery_lis302dl.o src\STM32F4-Discovery_callback.o src\main.o src\startup_stm32f4xx.o src\stm32f4xx_it.o src\system_stm32f4xx.o src\tiny_printf.o -lm -mthumb -mcpu=cortex-m4 -mfloat-abi=softfp -mfpu=fpv4-sp-d16 -T../stm32f4_flash.ld -specs=nosys.specs -static -Wl,-cref,-u,Reset_Handler -Wl,-Map=STM32F4_Discovery_FreeRTOS_Simple_Demo.map -Wl,--gc-sections -Wl,--defsym=malloc_getpagesize_P=0x80 -Wl,--start-group -lc -lm -Wl,--end-group -specs=nano.specs 
C:\Program Files (x86)\Atollic\TrueSTUDIO for STM32 9.0.1\ide\jre\bin\java -jar C:\Program Files (x86)\Atollic\TrueSTUDIO for STM32 9.0.1\Tools\arm-atollic-reports.jar sizeinfo list STM32F4_Discovery_FreeRTOS_Simple_Demo.elf 
Generate build reports...
Print size information
   text	   data	    bss	    dec	    hex	filename
  13920	     52	   8760	  22732	   58cc	STM32F4_Discovery_FreeRTOS_Simple_Demo.elf
Print size information done
Generate listing file
Output sent to: STM32F4_Discovery_FreeRTOS_Simple_Demo.list
Generate listing file done
Generate build reports done
15:09:08 **** Incremental Build of configuration Debug for project STM32F4_Discovery_FreeRTOS_Simple_Demo ****
Info: Internal Builder is used for build
arm-atollic-eabi-gcc -c ..\src\main.c -mthumb -mcpu=cortex-m4 -mfloat-abi=softfp -mfpu=fpv4-sp-d16 -std=gnu11 -DUSE_STM32F4_DISCOVERY -DHSE_VALUE=8000000 -DSTM32F4XX -DUSE_STDPERIPH_DRIVER -I../src -I../Libraries/CMSIS/Include -I../Libraries/Device/STM32F4xx/Include -I../Libraries/STM32F4xx_StdPeriph_Driver/inc -I../Utilities/STM32F4-Discovery -I../FreeRTOS_Source/include -I../FreeRTOS_Source/portable/GCC/ARM_CM4F -O0 -ffunction-sections -fdata-sections -g -fstack-usage -Wall -specs=nano.specs -o src\main.o 
..\src\main.c:380:13: warning: 'prvEventSemaphoreTask' defined but not used [-Wunused-function]
 static void prvEventSemaphoreTask( void *pvParameters )
             ^~~~~~~~~~~~~~~~~~~~~
..\src\main.c:355:13: warning: 'prvQueueReceiveTask' defined but not used [-Wunused-function]
 static void prvQueueReceiveTask( void *pvParameters )
             ^~~~~~~~~~~~~~~~~~~
..\src\main.c:327:13: warning: 'prvQueueSendTask' defined but not used [-Wunused-function]
 static void prvQueueSendTask( void *pvParameters )
             ^~~~~~~~~~~~~~~~
arm-atollic-eabi-gcc -o STM32F4_Discovery_FreeRTOS_Simple_Demo.elf FreeRTOS_Source\croutine.o FreeRTOS_Source\event_groups.o FreeRTOS_Source\list.o FreeRTOS_Source\portable\GCC\ARM_CM4F\port.o FreeRTOS_Source\portable\MemMang\heap_1.o FreeRTOS_Source\queue.o FreeRTOS_Source\tasks.o FreeRTOS_Source\timers.o Libraries\STM32F4xx_StdPeriph_Driver\src\misc.o Libraries\STM32F4xx_StdPeriph_Driver\src\stm32f4xx_adc.o Libraries\STM32F4xx_StdPeriph_Driver\src\stm32f4xx_can.o Libraries\STM32F4xx_StdPeriph_Driver\src\stm32f4xx_crc.o Libraries\STM32F4xx_StdPeriph_Driver\src\stm32f4xx_cryp.o Libraries\STM32F4xx_StdPeriph_Driver\src\stm32f4xx_cryp_aes.o Libraries\STM32F4xx_StdPeriph_Driver\src\stm32f4xx_cryp_des.o Libraries\STM32F4xx_StdPeriph_Driver\src\stm32f4xx_cryp_tdes.o Libraries\STM32F4xx_StdPeriph_Driver\src\stm32f4xx_dac.o Libraries\STM32F4xx_StdPeriph_Driver\src\stm32f4xx_dbgmcu.o Libraries\STM32F4xx_StdPeriph_Driver\src\stm32f4xx_dcmi.o Libraries\STM32F4xx_StdPeriph_Driver\src\stm32f4xx_dma.o Libraries\STM32F4xx_StdPeriph_Driver\src\stm32f4xx_exti.o Libraries\STM32F4xx_StdPeriph_Driver\src\stm32f4xx_flash.o Libraries\STM32F4xx_StdPeriph_Driver\src\stm32f4xx_fsmc.o Libraries\STM32F4xx_StdPeriph_Driver\src\stm32f4xx_gpio.o Libraries\STM32F4xx_StdPeriph_Driver\src\stm32f4xx_hash.o Libraries\STM32F4xx_StdPeriph_Driver\src\stm32f4xx_hash_md5.o Libraries\STM32F4xx_StdPeriph_Driver\src\stm32f4xx_hash_sha1.o Libraries\STM32F4xx_StdPeriph_Driver\src\stm32f4xx_i2c.o Libraries\STM32F4xx_StdPeriph_Driver\src\stm32f4xx_iwdg.o Libraries\STM32F4xx_StdPeriph_Driver\src\stm32f4xx_pwr.o Libraries\STM32F4xx_StdPeriph_Driver\src\stm32f4xx_rcc.o Libraries\STM32F4xx_StdPeriph_Driver\src\stm32f4xx_rng.o Libraries\STM32F4xx_StdPeriph_Driver\src\stm32f4xx_rtc.o Libraries\STM32F4xx_StdPeriph_Driver\src\stm32f4xx_sdio.o Libraries\STM32F4xx_StdPeriph_Driver\src\stm32f4xx_spi.o Libraries\STM32F4xx_StdPeriph_Driver\src\stm32f4xx_syscfg.o Libraries\STM32F4xx_StdPeriph_Driver\src\stm32f4xx_tim.o Libraries\STM32F4xx_StdPeriph_Driver\src\stm32f4xx_usart.o Libraries\STM32F4xx_StdPeriph_Driver\src\stm32f4xx_wwdg.o Utilities\STM32F4-Discovery\stm32f4_discovery.o Utilities\STM32F4-Discovery\stm32f4_discovery_audio_codec.o Utilities\STM32F4-Discovery\stm32f4_discovery_lis302dl.o src\STM32F4-Discovery_callback.o src\main.o src\startup_stm32f4xx.o src\stm32f4xx_it.o src\system_stm32f4xx.o src\tiny_printf.o -lm -mthumb -mcpu=cortex-m4 -mfloat-abi=softfp -mfpu=fpv4-sp-d16 -T../stm32f4_flash.ld -specs=nosys.specs -static -Wl,-cref,-u,Reset_Handler -Wl,-Map=STM32F4_Discovery_FreeRTOS_Simple_Demo.map -Wl,--gc-sections -Wl,--defsym=malloc_getpagesize_P=0x80 -Wl,--start-group -lc -lm -Wl,--end-group -specs=nano.specs 
C:\Program Files (x86)\Atollic\TrueSTUDIO for STM32 9.0.1\ide\jre\bin\java -jar C:\Program Files (x86)\Atollic\TrueSTUDIO for STM32 9.0.1\Tools\arm-atollic-reports.jar sizeinfo list STM32F4_Discovery_FreeRTOS_Simple_Demo.elf 
Generate build reports...
Print size information
   text	   data	    bss	    dec	    hex	filename
  13920	     52	   8760	  22732	   58cc	STM32F4_Discovery_FreeRTOS_Simple_Demo.elf
Print size information done
Generate listing file
Output sent to: STM32F4_Discovery_FreeRTOS_Simple_Demo.list
Generate listing file done
Generate build reports done
15:10:54 **** Incremental Build of configuration Debug for project STM32F4_Discovery_FreeRTOS_Simple_Demo ****
Info: Internal Builder is used for build
arm-atollic-eabi-gcc -c ..\src\main.c -mthumb -mcpu=cortex-m4 -mfloat-abi=softfp -mfpu=fpv4-sp-d16 -std=gnu11 -DUSE_STM32F4_DISCOVERY -DHSE_VALUE=8000000 -DSTM32F4XX -DUSE_STDPERIPH_DRIVER -I../src -I../Libraries/CMSIS/Include -I../Libraries/Device/STM32F4xx/Include -I../Libraries/STM32F4xx_StdPeriph_Driver/inc -I../Utilities/STM32F4-Discovery -I../FreeRTOS_Source/include -I../FreeRTOS_Source/portable/GCC/ARM_CM4F -O0 -ffunction-sections -fdata-sections -g -fstack-usage -Wall -specs=nano.specs -o src\main.o 
..\src\main.c:380:13: warning: 'prvEventSemaphoreTask' defined but not used [-Wunused-function]
 static void prvEventSemaphoreTask( void *pvParameters )
             ^~~~~~~~~~~~~~~~~~~~~
..\src\main.c:355:13: warning: 'prvQueueReceiveTask' defined but not used [-Wunused-function]
 static void prvQueueReceiveTask( void *pvParameters )
             ^~~~~~~~~~~~~~~~~~~
..\src\main.c:327:13: warning: 'prvQueueSendTask' defined but not used [-Wunused-function]
 static void prvQueueSendTask( void *pvParameters )
             ^~~~~~~~~~~~~~~~
arm-atollic-eabi-gcc -o STM32F4_Discovery_FreeRTOS_Simple_Demo.elf FreeRTOS_Source\croutine.o FreeRTOS_Source\event_groups.o FreeRTOS_Source\list.o FreeRTOS_Source\portable\GCC\ARM_CM4F\port.o FreeRTOS_Source\portable\MemMang\heap_1.o FreeRTOS_Source\queue.o FreeRTOS_Source\tasks.o FreeRTOS_Source\timers.o Libraries\STM32F4xx_StdPeriph_Driver\src\misc.o Libraries\STM32F4xx_StdPeriph_Driver\src\stm32f4xx_adc.o Libraries\STM32F4xx_StdPeriph_Driver\src\stm32f4xx_can.o Libraries\STM32F4xx_StdPeriph_Driver\src\stm32f4xx_crc.o Libraries\STM32F4xx_StdPeriph_Driver\src\stm32f4xx_cryp.o Libraries\STM32F4xx_StdPeriph_Driver\src\stm32f4xx_cryp_aes.o Libraries\STM32F4xx_StdPeriph_Driver\src\stm32f4xx_cryp_des.o Libraries\STM32F4xx_StdPeriph_Driver\src\stm32f4xx_cryp_tdes.o Libraries\STM32F4xx_StdPeriph_Driver\src\stm32f4xx_dac.o Libraries\STM32F4xx_StdPeriph_Driver\src\stm32f4xx_dbgmcu.o Libraries\STM32F4xx_StdPeriph_Driver\src\stm32f4xx_dcmi.o Libraries\STM32F4xx_StdPeriph_Driver\src\stm32f4xx_dma.o Libraries\STM32F4xx_StdPeriph_Driver\src\stm32f4xx_exti.o Libraries\STM32F4xx_StdPeriph_Driver\src\stm32f4xx_flash.o Libraries\STM32F4xx_StdPeriph_Driver\src\stm32f4xx_fsmc.o Libraries\STM32F4xx_StdPeriph_Driver\src\stm32f4xx_gpio.o Libraries\STM32F4xx_StdPeriph_Driver\src\stm32f4xx_hash.o Libraries\STM32F4xx_StdPeriph_Driver\src\stm32f4xx_hash_md5.o Libraries\STM32F4xx_StdPeriph_Driver\src\stm32f4xx_hash_sha1.o Libraries\STM32F4xx_StdPeriph_Driver\src\stm32f4xx_i2c.o Libraries\STM32F4xx_StdPeriph_Driver\src\stm32f4xx_iwdg.o Libraries\STM32F4xx_StdPeriph_Driver\src\stm32f4xx_pwr.o Libraries\STM32F4xx_StdPeriph_Driver\src\stm32f4xx_rcc.o Libraries\STM32F4xx_StdPeriph_Driver\src\stm32f4xx_rng.o Libraries\STM32F4xx_StdPeriph_Driver\src\stm32f4xx_rtc.o Libraries\STM32F4xx_StdPeriph_Driver\src\stm32f4xx_sdio.o Libraries\STM32F4xx_StdPeriph_Driver\src\stm32f4xx_spi.o Libraries\STM32F4xx_StdPeriph_Driver\src\stm32f4xx_syscfg.o Libraries\STM32F4xx_StdPeriph_Driver\src\stm32f4xx_tim.o Libraries\STM32F4xx_StdPeriph_Driver\src\stm32f4xx_usart.o Libraries\STM32F4xx_StdPeriph_Driver\src\stm32f4xx_wwdg.o Utilities\STM32F4-Discovery\stm32f4_discovery.o Utilities\STM32F4-Discovery\stm32f4_discovery_audio_codec.o Utilities\STM32F4-Discovery\stm32f4_discovery_lis302dl.o src\STM32F4-Discovery_callback.o src\main.o src\startup_stm32f4xx.o src\stm32f4xx_it.o src\system_stm32f4xx.o src\tiny_printf.o -lm -mthumb -mcpu=cortex-m4 -mfloat-abi=softfp -mfpu=fpv4-sp-d16 -T../stm32f4_flash.ld -specs=nosys.specs -static -Wl,-cref,-u,Reset_Handler -Wl,-Map=STM32F4_Discovery_FreeRTOS_Simple_Demo.map -Wl,--gc-sections -Wl,--defsym=malloc_getpagesize_P=0x80 -Wl,--start-group -lc -lm -Wl,--end-group -specs=nano.specs 
C:\Program Files (x86)\Atollic\TrueSTUDIO for STM32 9.0.1\ide\jre\bin\java -jar C:\Program Files (x86)\Atollic\TrueSTUDIO for STM32 9.0.1\Tools\arm-atollic-reports.jar sizeinfo list STM32F4_Discovery_FreeRTOS_Simple_Demo.elf 
Generate build reports...
Print size information
   text	   data	    bss	    dec	    hex	filename
  13920	     52	   8760	  22732	   58cc	STM32F4_Discovery_FreeRTOS_Simple_Demo.elf
Print size information done
Generate listing file
Output sent to: STM32F4_Discovery_FreeRTOS_Simple_Demo.list
Generate listing file done
Generate build reports done
15:11:14 **** Incremental Build of configuration Debug for project STM32F4_Discovery_FreeRTOS_Simple_Demo ****
Info: Internal Builder is used for build
arm-atollic-eabi-gcc -c ..\src\main.c -mthumb -mcpu=cortex-m4 -mfloat-abi=softfp -mfpu=fpv4-sp-d16 -std=gnu11 -DUSE_STM32F4_DISCOVERY -DHSE_VALUE=8000000 -DSTM32F4XX -DUSE_STDPERIPH_DRIVER -I../src -I../Libraries/CMSIS/Include -I../Libraries/Device/STM32F4xx/Include -I../Libraries/STM32F4xx_StdPeriph_Driver/inc -I../Utilities/STM32F4-Discovery -I../FreeRTOS_Source/include -I../FreeRTOS_Source/portable/GCC/ARM_CM4F -O0 -ffunction-sections -fdata-sections -g -fstack-usage -Wall -specs=nano.specs -o src\main.o 
..\src\main.c:380:13: warning: 'prvEventSemaphoreTask' defined but not used [-Wunused-function]
 static void prvEventSemaphoreTask( void *pvParameters )
             ^~~~~~~~~~~~~~~~~~~~~
..\src\main.c:355:13: warning: 'prvQueueReceiveTask' defined but not used [-Wunused-function]
 static void prvQueueReceiveTask( void *pvParameters )
             ^~~~~~~~~~~~~~~~~~~
..\src\main.c:327:13: warning: 'prvQueueSendTask' defined but not used [-Wunused-function]
 static void prvQueueSendTask( void *pvParameters )
             ^~~~~~~~~~~~~~~~
arm-atollic-eabi-gcc -o STM32F4_Discovery_FreeRTOS_Simple_Demo.elf FreeRTOS_Source\croutine.o FreeRTOS_Source\event_groups.o FreeRTOS_Source\list.o FreeRTOS_Source\portable\GCC\ARM_CM4F\port.o FreeRTOS_Source\portable\MemMang\heap_1.o FreeRTOS_Source\queue.o FreeRTOS_Source\tasks.o FreeRTOS_Source\timers.o Libraries\STM32F4xx_StdPeriph_Driver\src\misc.o Libraries\STM32F4xx_StdPeriph_Driver\src\stm32f4xx_adc.o Libraries\STM32F4xx_StdPeriph_Driver\src\stm32f4xx_can.o Libraries\STM32F4xx_StdPeriph_Driver\src\stm32f4xx_crc.o Libraries\STM32F4xx_StdPeriph_Driver\src\stm32f4xx_cryp.o Libraries\STM32F4xx_StdPeriph_Driver\src\stm32f4xx_cryp_aes.o Libraries\STM32F4xx_StdPeriph_Driver\src\stm32f4xx_cryp_des.o Libraries\STM32F4xx_StdPeriph_Driver\src\stm32f4xx_cryp_tdes.o Libraries\STM32F4xx_StdPeriph_Driver\src\stm32f4xx_dac.o Libraries\STM32F4xx_StdPeriph_Driver\src\stm32f4xx_dbgmcu.o Libraries\STM32F4xx_StdPeriph_Driver\src\stm32f4xx_dcmi.o Libraries\STM32F4xx_StdPeriph_Driver\src\stm32f4xx_dma.o Libraries\STM32F4xx_StdPeriph_Driver\src\stm32f4xx_exti.o Libraries\STM32F4xx_StdPeriph_Driver\src\stm32f4xx_flash.o Libraries\STM32F4xx_StdPeriph_Driver\src\stm32f4xx_fsmc.o Libraries\STM32F4xx_StdPeriph_Driver\src\stm32f4xx_gpio.o Libraries\STM32F4xx_StdPeriph_Driver\src\stm32f4xx_hash.o Libraries\STM32F4xx_StdPeriph_Driver\src\stm32f4xx_hash_md5.o Libraries\STM32F4xx_StdPeriph_Driver\src\stm32f4xx_hash_sha1.o Libraries\STM32F4xx_StdPeriph_Driver\src\stm32f4xx_i2c.o Libraries\STM32F4xx_StdPeriph_Driver\src\stm32f4xx_iwdg.o Libraries\STM32F4xx_StdPeriph_Driver\src\stm32f4xx_pwr.o Libraries\STM32F4xx_StdPeriph_Driver\src\stm32f4xx_rcc.o Libraries\STM32F4xx_StdPeriph_Driver\src\stm32f4xx_rng.o Libraries\STM32F4xx_StdPeriph_Driver\src\stm32f4xx_rtc.o Libraries\STM32F4xx_StdPeriph_Driver\src\stm32f4xx_sdio.o Libraries\STM32F4xx_StdPeriph_Driver\src\stm32f4xx_spi.o Libraries\STM32F4xx_StdPeriph_Driver\src\stm32f4xx_syscfg.o Libraries\STM32F4xx_StdPeriph_Driver\src\stm32f4xx_tim.o Libraries\STM32F4xx_StdPeriph_Driver\src\stm32f4xx_usart.o Libraries\STM32F4xx_StdPeriph_Driver\src\stm32f4xx_wwdg.o Utilities\STM32F4-Discovery\stm32f4_discovery.o Utilities\STM32F4-Discovery\stm32f4_discovery_audio_codec.o Utilities\STM32F4-Discovery\stm32f4_discovery_lis302dl.o src\STM32F4-Discovery_callback.o src\main.o src\startup_stm32f4xx.o src\stm32f4xx_it.o src\system_stm32f4xx.o src\tiny_printf.o -lm -mthumb -mcpu=cortex-m4 -mfloat-abi=softfp -mfpu=fpv4-sp-d16 -T../stm32f4_flash.ld -specs=nosys.specs -static -Wl,-cref,-u,Reset_Handler -Wl,-Map=STM32F4_Discovery_FreeRTOS_Simple_Demo.map -Wl,--gc-sections -Wl,--defsym=malloc_getpagesize_P=0x80 -Wl,--start-group -lc -lm -Wl,--end-group -specs=nano.specs 
C:\Program Files (x86)\Atollic\TrueSTUDIO for STM32 9.0.1\ide\jre\bin\java -jar C:\Program Files (x86)\Atollic\TrueSTUDIO for STM32 9.0.1\Tools\arm-atollic-reports.jar sizeinfo list STM32F4_Discovery_FreeRTOS_Simple_Demo.elf 
Generate build reports...
Print size information
   text	   data	    bss	    dec	    hex	filename
  13920	     52	   8760	  22732	   58cc	STM32F4_Discovery_FreeRTOS_Simple_Demo.elf
Print size information done
Generate listing file
Output sent to: STM32F4_Discovery_FreeRTOS_Simple_Demo.list
Generate listing file done
Generate build reports done
15:11:33 **** Incremental Build of configuration Debug for project STM32F4_Discovery_FreeRTOS_Simple_Demo ****
Info: Internal Builder is used for build
arm-atollic-eabi-gcc -c ..\src\main.c -mthumb -mcpu=cortex-m4 -mfloat-abi=softfp -mfpu=fpv4-sp-d16 -std=gnu11 -DUSE_STM32F4_DISCOVERY -DHSE_VALUE=8000000 -DSTM32F4XX -DUSE_STDPERIPH_DRIVER -I../src -I../Libraries/CMSIS/Include -I../Libraries/Device/STM32F4xx/Include -I../Libraries/STM32F4xx_StdPeriph_Driver/inc -I../Utilities/STM32F4-Discovery -I../FreeRTOS_Source/include -I../FreeRTOS_Source/portable/GCC/ARM_CM4F -O0 -ffunction-sections -fdata-sections -g -fstack-usage -Wall -specs=nano.specs -o src\main.o 
..\src\main.c:380:13: warning: 'prvEventSemaphoreTask' defined but not used [-Wunused-function]
 static void prvEventSemaphoreTask( void *pvParameters )
             ^~~~~~~~~~~~~~~~~~~~~
..\src\main.c:355:13: warning: 'prvQueueReceiveTask' defined but not used [-Wunused-function]
 static void prvQueueReceiveTask( void *pvParameters )
             ^~~~~~~~~~~~~~~~~~~
..\src\main.c:327:13: warning: 'prvQueueSendTask' defined but not used [-Wunused-function]
 static void prvQueueSendTask( void *pvParameters )
             ^~~~~~~~~~~~~~~~
arm-atollic-eabi-gcc -o STM32F4_Discovery_FreeRTOS_Simple_Demo.elf FreeRTOS_Source\croutine.o FreeRTOS_Source\event_groups.o FreeRTOS_Source\list.o FreeRTOS_Source\portable\GCC\ARM_CM4F\port.o FreeRTOS_Source\portable\MemMang\heap_1.o FreeRTOS_Source\queue.o FreeRTOS_Source\tasks.o FreeRTOS_Source\timers.o Libraries\STM32F4xx_StdPeriph_Driver\src\misc.o Libraries\STM32F4xx_StdPeriph_Driver\src\stm32f4xx_adc.o Libraries\STM32F4xx_StdPeriph_Driver\src\stm32f4xx_can.o Libraries\STM32F4xx_StdPeriph_Driver\src\stm32f4xx_crc.o Libraries\STM32F4xx_StdPeriph_Driver\src\stm32f4xx_cryp.o Libraries\STM32F4xx_StdPeriph_Driver\src\stm32f4xx_cryp_aes.o Libraries\STM32F4xx_StdPeriph_Driver\src\stm32f4xx_cryp_des.o Libraries\STM32F4xx_StdPeriph_Driver\src\stm32f4xx_cryp_tdes.o Libraries\STM32F4xx_StdPeriph_Driver\src\stm32f4xx_dac.o Libraries\STM32F4xx_StdPeriph_Driver\src\stm32f4xx_dbgmcu.o Libraries\STM32F4xx_StdPeriph_Driver\src\stm32f4xx_dcmi.o Libraries\STM32F4xx_StdPeriph_Driver\src\stm32f4xx_dma.o Libraries\STM32F4xx_StdPeriph_Driver\src\stm32f4xx_exti.o Libraries\STM32F4xx_StdPeriph_Driver\src\stm32f4xx_flash.o Libraries\STM32F4xx_StdPeriph_Driver\src\stm32f4xx_fsmc.o Libraries\STM32F4xx_StdPeriph_Driver\src\stm32f4xx_gpio.o Libraries\STM32F4xx_StdPeriph_Driver\src\stm32f4xx_hash.o Libraries\STM32F4xx_StdPeriph_Driver\src\stm32f4xx_hash_md5.o Libraries\STM32F4xx_StdPeriph_Driver\src\stm32f4xx_hash_sha1.o Libraries\STM32F4xx_StdPeriph_Driver\src\stm32f4xx_i2c.o Libraries\STM32F4xx_StdPeriph_Driver\src\stm32f4xx_iwdg.o Libraries\STM32F4xx_StdPeriph_Driver\src\stm32f4xx_pwr.o Libraries\STM32F4xx_StdPeriph_Driver\src\stm32f4xx_rcc.o Libraries\STM32F4xx_StdPeriph_Driver\src\stm32f4xx_rng.o Libraries\STM32F4xx_StdPeriph_Driver\src\stm32f4xx_rtc.o Libraries\STM32F4xx_StdPeriph_Driver\src\stm32f4xx_sdio.o Libraries\STM32F4xx_StdPeriph_Driver\src\stm32f4xx_spi.o Libraries\STM32F4xx_StdPeriph_Driver\src\stm32f4xx_syscfg.o Libraries\STM32F4xx_StdPeriph_Driver\src\stm32f4xx_tim.o Libraries\STM32F4xx_StdPeriph_Driver\src\stm32f4xx_usart.o Libraries\STM32F4xx_StdPeriph_Driver\src\stm32f4xx_wwdg.o Utilities\STM32F4-Discovery\stm32f4_discovery.o Utilities\STM32F4-Discovery\stm32f4_discovery_audio_codec.o Utilities\STM32F4-Discovery\stm32f4_discovery_lis302dl.o src\STM32F4-Discovery_callback.o src\main.o src\startup_stm32f4xx.o src\stm32f4xx_it.o src\system_stm32f4xx.o src\tiny_printf.o -lm -mthumb -mcpu=cortex-m4 -mfloat-abi=softfp -mfpu=fpv4-sp-d16 -T../stm32f4_flash.ld -specs=nosys.specs -static -Wl,-cref,-u,Reset_Handler -Wl,-Map=STM32F4_Discovery_FreeRTOS_Simple_Demo.map -Wl,--gc-sections -Wl,--defsym=malloc_getpagesize_P=0x80 -Wl,--start-group -lc -lm -Wl,--end-group -specs=nano.specs 
C:\Program Files (x86)\Atollic\TrueSTUDIO for STM32 9.0.1\ide\jre\bin\java -jar C:\Program Files (x86)\Atollic\TrueSTUDIO for STM32 9.0.1\Tools\arm-atollic-reports.jar sizeinfo list STM32F4_Discovery_FreeRTOS_Simple_Demo.elf 
Generate build reports...
Print size information
   text	   data	    bss	    dec	    hex	filename
  13920	     52	   8760	  22732	   58cc	STM32F4_Discovery_FreeRTOS_Simple_Demo.elf
Print size information done
Generate listing file
Output sent to: STM32F4_Discovery_FreeRTOS_Simple_Demo.list
Generate listing file done
Generate build reports done
15:12:00 **** Incremental Build of configuration Debug for project STM32F4_Discovery_FreeRTOS_Simple_Demo ****
Info: Internal Builder is used for build
arm-atollic-eabi-gcc -c ..\src\main.c -mthumb -mcpu=cortex-m4 -mfloat-abi=softfp -mfpu=fpv4-sp-d16 -std=gnu11 -DUSE_STM32F4_DISCOVERY -DHSE_VALUE=8000000 -DSTM32F4XX -DUSE_STDPERIPH_DRIVER -I../src -I../Libraries/CMSIS/Include -I../Libraries/Device/STM32F4xx/Include -I../Libraries/STM32F4xx_StdPeriph_Driver/inc -I../Utilities/STM32F4-Discovery -I../FreeRTOS_Source/include -I../FreeRTOS_Source/portable/GCC/ARM_CM4F -O0 -ffunction-sections -fdata-sections -g -fstack-usage -Wall -specs=nano.specs -o src\main.o 
..\src\main.c:380:13: warning: 'prvEventSemaphoreTask' defined but not used [-Wunused-function]
 static void prvEventSemaphoreTask( void *pvParameters )
             ^~~~~~~~~~~~~~~~~~~~~
..\src\main.c:355:13: warning: 'prvQueueReceiveTask' defined but not used [-Wunused-function]
 static void prvQueueReceiveTask( void *pvParameters )
             ^~~~~~~~~~~~~~~~~~~
..\src\main.c:327:13: warning: 'prvQueueSendTask' defined but not used [-Wunused-function]
 static void prvQueueSendTask( void *pvParameters )
             ^~~~~~~~~~~~~~~~
arm-atollic-eabi-gcc -o STM32F4_Discovery_FreeRTOS_Simple_Demo.elf FreeRTOS_Source\croutine.o FreeRTOS_Source\event_groups.o FreeRTOS_Source\list.o FreeRTOS_Source\portable\GCC\ARM_CM4F\port.o FreeRTOS_Source\portable\MemMang\heap_1.o FreeRTOS_Source\queue.o FreeRTOS_Source\tasks.o FreeRTOS_Source\timers.o Libraries\STM32F4xx_StdPeriph_Driver\src\misc.o Libraries\STM32F4xx_StdPeriph_Driver\src\stm32f4xx_adc.o Libraries\STM32F4xx_StdPeriph_Driver\src\stm32f4xx_can.o Libraries\STM32F4xx_StdPeriph_Driver\src\stm32f4xx_crc.o Libraries\STM32F4xx_StdPeriph_Driver\src\stm32f4xx_cryp.o Libraries\STM32F4xx_StdPeriph_Driver\src\stm32f4xx_cryp_aes.o Libraries\STM32F4xx_StdPeriph_Driver\src\stm32f4xx_cryp_des.o Libraries\STM32F4xx_StdPeriph_Driver\src\stm32f4xx_cryp_tdes.o Libraries\STM32F4xx_StdPeriph_Driver\src\stm32f4xx_dac.o Libraries\STM32F4xx_StdPeriph_Driver\src\stm32f4xx_dbgmcu.o Libraries\STM32F4xx_StdPeriph_Driver\src\stm32f4xx_dcmi.o Libraries\STM32F4xx_StdPeriph_Driver\src\stm32f4xx_dma.o Libraries\STM32F4xx_StdPeriph_Driver\src\stm32f4xx_exti.o Libraries\STM32F4xx_StdPeriph_Driver\src\stm32f4xx_flash.o Libraries\STM32F4xx_StdPeriph_Driver\src\stm32f4xx_fsmc.o Libraries\STM32F4xx_StdPeriph_Driver\src\stm32f4xx_gpio.o Libraries\STM32F4xx_StdPeriph_Driver\src\stm32f4xx_hash.o Libraries\STM32F4xx_StdPeriph_Driver\src\stm32f4xx_hash_md5.o Libraries\STM32F4xx_StdPeriph_Driver\src\stm32f4xx_hash_sha1.o Libraries\STM32F4xx_StdPeriph_Driver\src\stm32f4xx_i2c.o Libraries\STM32F4xx_StdPeriph_Driver\src\stm32f4xx_iwdg.o Libraries\STM32F4xx_StdPeriph_Driver\src\stm32f4xx_pwr.o Libraries\STM32F4xx_StdPeriph_Driver\src\stm32f4xx_rcc.o Libraries\STM32F4xx_StdPeriph_Driver\src\stm32f4xx_rng.o Libraries\STM32F4xx_StdPeriph_Driver\src\stm32f4xx_rtc.o Libraries\STM32F4xx_StdPeriph_Driver\src\stm32f4xx_sdio.o Libraries\STM32F4xx_StdPeriph_Driver\src\stm32f4xx_spi.o Libraries\STM32F4xx_StdPeriph_Driver\src\stm32f4xx_syscfg.o Libraries\STM32F4xx_StdPeriph_Driver\src\stm32f4xx_tim.o Libraries\STM32F4xx_StdPeriph_Driver\src\stm32f4xx_usart.o Libraries\STM32F4xx_StdPeriph_Driver\src\stm32f4xx_wwdg.o Utilities\STM32F4-Discovery\stm32f4_discovery.o Utilities\STM32F4-Discovery\stm32f4_discovery_audio_codec.o Utilities\STM32F4-Discovery\stm32f4_discovery_lis302dl.o src\STM32F4-Discovery_callback.o src\main.o src\startup_stm32f4xx.o src\stm32f4xx_it.o src\system_stm32f4xx.o src\tiny_printf.o -lm -mthumb -mcpu=cortex-m4 -mfloat-abi=softfp -mfpu=fpv4-sp-d16 -T../stm32f4_flash.ld -specs=nosys.specs -static -Wl,-cref,-u,Reset_Handler -Wl,-Map=STM32F4_Discovery_FreeRTOS_Simple_Demo.map -Wl,--gc-sections -Wl,--defsym=malloc_getpagesize_P=0x80 -Wl,--start-group -lc -lm -Wl,--end-group -specs=nano.specs 
C:\Program Files (x86)\Atollic\TrueSTUDIO for STM32 9.0.1\ide\jre\bin\java -jar C:\Program Files (x86)\Atollic\TrueSTUDIO for STM32 9.0.1\Tools\arm-atollic-reports.jar sizeinfo list STM32F4_Discovery_FreeRTOS_Simple_Demo.elf 
Generate build reports...
Print size information
   text	   data	    bss	    dec	    hex	filename
  13920	     52	   8760	  22732	   58cc	STM32F4_Discovery_FreeRTOS_Simple_Demo.elf
Print size information done
Generate listing file
Output sent to: STM32F4_Discovery_FreeRTOS_Simple_Demo.list
Generate listing file done
Generate build reports done
15:13:14 **** Incremental Build of configuration Debug for project STM32F4_Discovery_FreeRTOS_Simple_Demo ****
Info: Internal Builder is used for build
arm-atollic-eabi-gcc -c ..\src\main.c -mthumb -mcpu=cortex-m4 -mfloat-abi=softfp -mfpu=fpv4-sp-d16 -std=gnu11 -DUSE_STM32F4_DISCOVERY -DHSE_VALUE=8000000 -DSTM32F4XX -DUSE_STDPERIPH_DRIVER -I../src -I../Libraries/CMSIS/Include -I../Libraries/Device/STM32F4xx/Include -I../Libraries/STM32F4xx_StdPeriph_Driver/inc -I../Utilities/STM32F4-Discovery -I../FreeRTOS_Source/include -I../FreeRTOS_Source/portable/GCC/ARM_CM4F -O0 -ffunction-sections -fdata-sections -g -fstack-usage -Wall -specs=nano.specs -o src\main.o 
..\src\main.c:380:13: warning: 'prvEventSemaphoreTask' defined but not used [-Wunused-function]
 static void prvEventSemaphoreTask( void *pvParameters )
             ^~~~~~~~~~~~~~~~~~~~~
..\src\main.c:355:13: warning: 'prvQueueReceiveTask' defined but not used [-Wunused-function]
 static void prvQueueReceiveTask( void *pvParameters )
             ^~~~~~~~~~~~~~~~~~~
..\src\main.c:327:13: warning: 'prvQueueSendTask' defined but not used [-Wunused-function]
 static void prvQueueSendTask( void *pvParameters )
             ^~~~~~~~~~~~~~~~
arm-atollic-eabi-gcc -o STM32F4_Discovery_FreeRTOS_Simple_Demo.elf FreeRTOS_Source\croutine.o FreeRTOS_Source\event_groups.o FreeRTOS_Source\list.o FreeRTOS_Source\portable\GCC\ARM_CM4F\port.o FreeRTOS_Source\portable\MemMang\heap_1.o FreeRTOS_Source\queue.o FreeRTOS_Source\tasks.o FreeRTOS_Source\timers.o Libraries\STM32F4xx_StdPeriph_Driver\src\misc.o Libraries\STM32F4xx_StdPeriph_Driver\src\stm32f4xx_adc.o Libraries\STM32F4xx_StdPeriph_Driver\src\stm32f4xx_can.o Libraries\STM32F4xx_StdPeriph_Driver\src\stm32f4xx_crc.o Libraries\STM32F4xx_StdPeriph_Driver\src\stm32f4xx_cryp.o Libraries\STM32F4xx_StdPeriph_Driver\src\stm32f4xx_cryp_aes.o Libraries\STM32F4xx_StdPeriph_Driver\src\stm32f4xx_cryp_des.o Libraries\STM32F4xx_StdPeriph_Driver\src\stm32f4xx_cryp_tdes.o Libraries\STM32F4xx_StdPeriph_Driver\src\stm32f4xx_dac.o Libraries\STM32F4xx_StdPeriph_Driver\src\stm32f4xx_dbgmcu.o Libraries\STM32F4xx_StdPeriph_Driver\src\stm32f4xx_dcmi.o Libraries\STM32F4xx_StdPeriph_Driver\src\stm32f4xx_dma.o Libraries\STM32F4xx_StdPeriph_Driver\src\stm32f4xx_exti.o Libraries\STM32F4xx_StdPeriph_Driver\src\stm32f4xx_flash.o Libraries\STM32F4xx_StdPeriph_Driver\src\stm32f4xx_fsmc.o Libraries\STM32F4xx_StdPeriph_Driver\src\stm32f4xx_gpio.o Libraries\STM32F4xx_StdPeriph_Driver\src\stm32f4xx_hash.o Libraries\STM32F4xx_StdPeriph_Driver\src\stm32f4xx_hash_md5.o Libraries\STM32F4xx_StdPeriph_Driver\src\stm32f4xx_hash_sha1.o Libraries\STM32F4xx_StdPeriph_Driver\src\stm32f4xx_i2c.o Libraries\STM32F4xx_StdPeriph_Driver\src\stm32f4xx_iwdg.o Libraries\STM32F4xx_StdPeriph_Driver\src\stm32f4xx_pwr.o Libraries\STM32F4xx_StdPeriph_Driver\src\stm32f4xx_rcc.o Libraries\STM32F4xx_StdPeriph_Driver\src\stm32f4xx_rng.o Libraries\STM32F4xx_StdPeriph_Driver\src\stm32f4xx_rtc.o Libraries\STM32F4xx_StdPeriph_Driver\src\stm32f4xx_sdio.o Libraries\STM32F4xx_StdPeriph_Driver\src\stm32f4xx_spi.o Libraries\STM32F4xx_StdPeriph_Driver\src\stm32f4xx_syscfg.o Libraries\STM32F4xx_StdPeriph_Driver\src\stm32f4xx_tim.o Libraries\STM32F4xx_StdPeriph_Driver\src\stm32f4xx_usart.o Libraries\STM32F4xx_StdPeriph_Driver\src\stm32f4xx_wwdg.o Utilities\STM32F4-Discovery\stm32f4_discovery.o Utilities\STM32F4-Discovery\stm32f4_discovery_audio_codec.o Utilities\STM32F4-Discovery\stm32f4_discovery_lis302dl.o src\STM32F4-Discovery_callback.o src\main.o src\startup_stm32f4xx.o src\stm32f4xx_it.o src\system_stm32f4xx.o src\tiny_printf.o -lm -mthumb -mcpu=cortex-m4 -mfloat-abi=softfp -mfpu=fpv4-sp-d16 -T../stm32f4_flash.ld -specs=nosys.specs -static -Wl,-cref,-u,Reset_Handler -Wl,-Map=STM32F4_Discovery_FreeRTOS_Simple_Demo.map -Wl,--gc-sections -Wl,--defsym=malloc_getpagesize_P=0x80 -Wl,--start-group -lc -lm -Wl,--end-group -specs=nano.specs 
C:\Program Files (x86)\Atollic\TrueSTUDIO for STM32 9.0.1\ide\jre\bin\java -jar C:\Program Files (x86)\Atollic\TrueSTUDIO for STM32 9.0.1\Tools\arm-atollic-reports.jar sizeinfo list STM32F4_Discovery_FreeRTOS_Simple_Demo.elf 
Generate build reports...
Print size information
   text	   data	    bss	    dec	    hex	filename
  13920	     52	   8760	  22732	   58cc	STM32F4_Discovery_FreeRTOS_Simple_Demo.elf
Print size information done
Generate listing file
Output sent to: STM32F4_Discovery_FreeRTOS_Simple_Demo.list
Generate listing file done
Generate build reports done
15:15:19 **** Incremental Build of configuration Debug for project STM32F4_Discovery_FreeRTOS_Simple_Demo ****
Info: Internal Builder is used for build
arm-atollic-eabi-gcc -c ..\src\main.c -mthumb -mcpu=cortex-m4 -mfloat-abi=softfp -mfpu=fpv4-sp-d16 -std=gnu11 -DUSE_STM32F4_DISCOVERY -DHSE_VALUE=8000000 -DSTM32F4XX -DUSE_STDPERIPH_DRIVER -I../src -I../Libraries/CMSIS/Include -I../Libraries/Device/STM32F4xx/Include -I../Libraries/STM32F4xx_StdPeriph_Driver/inc -I../Utilities/STM32F4-Discovery -I../FreeRTOS_Source/include -I../FreeRTOS_Source/portable/GCC/ARM_CM4F -O0 -ffunction-sections -fdata-sections -g -fstack-usage -Wall -specs=nano.specs -o src\main.o 
..\src\main.c:380:13: warning: 'prvEventSemaphoreTask' defined but not used [-Wunused-function]
 static void prvEventSemaphoreTask( void *pvParameters )
             ^~~~~~~~~~~~~~~~~~~~~
..\src\main.c:355:13: warning: 'prvQueueReceiveTask' defined but not used [-Wunused-function]
 static void prvQueueReceiveTask( void *pvParameters )
             ^~~~~~~~~~~~~~~~~~~
..\src\main.c:327:13: warning: 'prvQueueSendTask' defined but not used [-Wunused-function]
 static void prvQueueSendTask( void *pvParameters )
             ^~~~~~~~~~~~~~~~
arm-atollic-eabi-gcc -o STM32F4_Discovery_FreeRTOS_Simple_Demo.elf FreeRTOS_Source\croutine.o FreeRTOS_Source\event_groups.o FreeRTOS_Source\list.o FreeRTOS_Source\portable\GCC\ARM_CM4F\port.o FreeRTOS_Source\portable\MemMang\heap_1.o FreeRTOS_Source\queue.o FreeRTOS_Source\tasks.o FreeRTOS_Source\timers.o Libraries\STM32F4xx_StdPeriph_Driver\src\misc.o Libraries\STM32F4xx_StdPeriph_Driver\src\stm32f4xx_adc.o Libraries\STM32F4xx_StdPeriph_Driver\src\stm32f4xx_can.o Libraries\STM32F4xx_StdPeriph_Driver\src\stm32f4xx_crc.o Libraries\STM32F4xx_StdPeriph_Driver\src\stm32f4xx_cryp.o Libraries\STM32F4xx_StdPeriph_Driver\src\stm32f4xx_cryp_aes.o Libraries\STM32F4xx_StdPeriph_Driver\src\stm32f4xx_cryp_des.o Libraries\STM32F4xx_StdPeriph_Driver\src\stm32f4xx_cryp_tdes.o Libraries\STM32F4xx_StdPeriph_Driver\src\stm32f4xx_dac.o Libraries\STM32F4xx_StdPeriph_Driver\src\stm32f4xx_dbgmcu.o Libraries\STM32F4xx_StdPeriph_Driver\src\stm32f4xx_dcmi.o Libraries\STM32F4xx_StdPeriph_Driver\src\stm32f4xx_dma.o Libraries\STM32F4xx_StdPeriph_Driver\src\stm32f4xx_exti.o Libraries\STM32F4xx_StdPeriph_Driver\src\stm32f4xx_flash.o Libraries\STM32F4xx_StdPeriph_Driver\src\stm32f4xx_fsmc.o Libraries\STM32F4xx_StdPeriph_Driver\src\stm32f4xx_gpio.o Libraries\STM32F4xx_StdPeriph_Driver\src\stm32f4xx_hash.o Libraries\STM32F4xx_StdPeriph_Driver\src\stm32f4xx_hash_md5.o Libraries\STM32F4xx_StdPeriph_Driver\src\stm32f4xx_hash_sha1.o Libraries\STM32F4xx_StdPeriph_Driver\src\stm32f4xx_i2c.o Libraries\STM32F4xx_StdPeriph_Driver\src\stm32f4xx_iwdg.o Libraries\STM32F4xx_StdPeriph_Driver\src\stm32f4xx_pwr.o Libraries\STM32F4xx_StdPeriph_Driver\src\stm32f4xx_rcc.o Libraries\STM32F4xx_StdPeriph_Driver\src\stm32f4xx_rng.o Libraries\STM32F4xx_StdPeriph_Driver\src\stm32f4xx_rtc.o Libraries\STM32F4xx_StdPeriph_Driver\src\stm32f4xx_sdio.o Libraries\STM32F4xx_StdPeriph_Driver\src\stm32f4xx_spi.o Libraries\STM32F4xx_StdPeriph_Driver\src\stm32f4xx_syscfg.o Libraries\STM32F4xx_StdPeriph_Driver\src\stm32f4xx_tim.o Libraries\STM32F4xx_StdPeriph_Driver\src\stm32f4xx_usart.o Libraries\STM32F4xx_StdPeriph_Driver\src\stm32f4xx_wwdg.o Utilities\STM32F4-Discovery\stm32f4_discovery.o Utilities\STM32F4-Discovery\stm32f4_discovery_audio_codec.o Utilities\STM32F4-Discovery\stm32f4_discovery_lis302dl.o src\STM32F4-Discovery_callback.o src\main.o src\startup_stm32f4xx.o src\stm32f4xx_it.o src\system_stm32f4xx.o src\tiny_printf.o -lm -mthumb -mcpu=cortex-m4 -mfloat-abi=softfp -mfpu=fpv4-sp-d16 -T../stm32f4_flash.ld -specs=nosys.specs -static -Wl,-cref,-u,Reset_Handler -Wl,-Map=STM32F4_Discovery_FreeRTOS_Simple_Demo.map -Wl,--gc-sections -Wl,--defsym=malloc_getpagesize_P=0x80 -Wl,--start-group -lc -lm -Wl,--end-group -specs=nano.specs 
C:\Program Files (x86)\Atollic\TrueSTUDIO for STM32 9.0.1\ide\jre\bin\java -jar C:\Program Files (x86)\Atollic\TrueSTUDIO for STM32 9.0.1\Tools\arm-atollic-reports.jar sizeinfo list STM32F4_Discovery_FreeRTOS_Simple_Demo.elf 
Generate build reports...
Print size information
   text	   data	    bss	    dec	    hex	filename
  13924	     52	   8760	  22736	   58d0	STM32F4_Discovery_FreeRTOS_Simple_Demo.elf
Print size information done
Generate listing file
Output sent to: STM32F4_Discovery_FreeRTOS_Simple_Demo.list
Generate listing file done
Generate build reports done
15:16:06 **** Incremental Build of configuration Debug for project STM32F4_Discovery_FreeRTOS_Simple_Demo ****
Info: Internal Builder is used for build
arm-atollic-eabi-gcc -c ..\src\main.c -mthumb -mcpu=cortex-m4 -mfloat-abi=softfp -mfpu=fpv4-sp-d16 -std=gnu11 -DUSE_STM32F4_DISCOVERY -DHSE_VALUE=8000000 -DSTM32F4XX -DUSE_STDPERIPH_DRIVER -I../src -I../Libraries/CMSIS/Include -I../Libraries/Device/STM32F4xx/Include -I../Libraries/STM32F4xx_StdPeriph_Driver/inc -I../Utilities/STM32F4-Discovery -I../FreeRTOS_Source/include -I../FreeRTOS_Source/portable/GCC/ARM_CM4F -O0 -ffunction-sections -fdata-sections -g -fstack-usage -Wall -specs=nano.specs -o src\main.o 
..\src\main.c:380:13: warning: 'prvEventSemaphoreTask' defined but not used [-Wunused-function]
 static void prvEventSemaphoreTask( void *pvParameters )
             ^~~~~~~~~~~~~~~~~~~~~
..\src\main.c:355:13: warning: 'prvQueueReceiveTask' defined but not used [-Wunused-function]
 static void prvQueueReceiveTask( void *pvParameters )
             ^~~~~~~~~~~~~~~~~~~
..\src\main.c:327:13: warning: 'prvQueueSendTask' defined but not used [-Wunused-function]
 static void prvQueueSendTask( void *pvParameters )
             ^~~~~~~~~~~~~~~~
arm-atollic-eabi-gcc -o STM32F4_Discovery_FreeRTOS_Simple_Demo.elf FreeRTOS_Source\croutine.o FreeRTOS_Source\event_groups.o FreeRTOS_Source\list.o FreeRTOS_Source\portable\GCC\ARM_CM4F\port.o FreeRTOS_Source\portable\MemMang\heap_1.o FreeRTOS_Source\queue.o FreeRTOS_Source\tasks.o FreeRTOS_Source\timers.o Libraries\STM32F4xx_StdPeriph_Driver\src\misc.o Libraries\STM32F4xx_StdPeriph_Driver\src\stm32f4xx_adc.o Libraries\STM32F4xx_StdPeriph_Driver\src\stm32f4xx_can.o Libraries\STM32F4xx_StdPeriph_Driver\src\stm32f4xx_crc.o Libraries\STM32F4xx_StdPeriph_Driver\src\stm32f4xx_cryp.o Libraries\STM32F4xx_StdPeriph_Driver\src\stm32f4xx_cryp_aes.o Libraries\STM32F4xx_StdPeriph_Driver\src\stm32f4xx_cryp_des.o Libraries\STM32F4xx_StdPeriph_Driver\src\stm32f4xx_cryp_tdes.o Libraries\STM32F4xx_StdPeriph_Driver\src\stm32f4xx_dac.o Libraries\STM32F4xx_StdPeriph_Driver\src\stm32f4xx_dbgmcu.o Libraries\STM32F4xx_StdPeriph_Driver\src\stm32f4xx_dcmi.o Libraries\STM32F4xx_StdPeriph_Driver\src\stm32f4xx_dma.o Libraries\STM32F4xx_StdPeriph_Driver\src\stm32f4xx_exti.o Libraries\STM32F4xx_StdPeriph_Driver\src\stm32f4xx_flash.o Libraries\STM32F4xx_StdPeriph_Driver\src\stm32f4xx_fsmc.o Libraries\STM32F4xx_StdPeriph_Driver\src\stm32f4xx_gpio.o Libraries\STM32F4xx_StdPeriph_Driver\src\stm32f4xx_hash.o Libraries\STM32F4xx_StdPeriph_Driver\src\stm32f4xx_hash_md5.o Libraries\STM32F4xx_StdPeriph_Driver\src\stm32f4xx_hash_sha1.o Libraries\STM32F4xx_StdPeriph_Driver\src\stm32f4xx_i2c.o Libraries\STM32F4xx_StdPeriph_Driver\src\stm32f4xx_iwdg.o Libraries\STM32F4xx_StdPeriph_Driver\src\stm32f4xx_pwr.o Libraries\STM32F4xx_StdPeriph_Driver\src\stm32f4xx_rcc.o Libraries\STM32F4xx_StdPeriph_Driver\src\stm32f4xx_rng.o Libraries\STM32F4xx_StdPeriph_Driver\src\stm32f4xx_rtc.o Libraries\STM32F4xx_StdPeriph_Driver\src\stm32f4xx_sdio.o Libraries\STM32F4xx_StdPeriph_Driver\src\stm32f4xx_spi.o Libraries\STM32F4xx_StdPeriph_Driver\src\stm32f4xx_syscfg.o Libraries\STM32F4xx_StdPeriph_Driver\src\stm32f4xx_tim.o Libraries\STM32F4xx_StdPeriph_Driver\src\stm32f4xx_usart.o Libraries\STM32F4xx_StdPeriph_Driver\src\stm32f4xx_wwdg.o Utilities\STM32F4-Discovery\stm32f4_discovery.o Utilities\STM32F4-Discovery\stm32f4_discovery_audio_codec.o Utilities\STM32F4-Discovery\stm32f4_discovery_lis302dl.o src\STM32F4-Discovery_callback.o src\main.o src\startup_stm32f4xx.o src\stm32f4xx_it.o src\system_stm32f4xx.o src\tiny_printf.o -lm -mthumb -mcpu=cortex-m4 -mfloat-abi=softfp -mfpu=fpv4-sp-d16 -T../stm32f4_flash.ld -specs=nosys.specs -static -Wl,-cref,-u,Reset_Handler -Wl,-Map=STM32F4_Discovery_FreeRTOS_Simple_Demo.map -Wl,--gc-sections -Wl,--defsym=malloc_getpagesize_P=0x80 -Wl,--start-group -lc -lm -Wl,--end-group -specs=nano.specs 
[...]
14:32:00 **** Incremental Build of configuration Debug for project STM32F4_Discovery_FreeRTOS_Simple_Demo ****
Info: Internal Builder is used for build
arm-atollic-eabi-gcc -c ..\src\main.c -mthumb -mcpu=cortex-m4 -mfloat-abi=softfp -mfpu=fpv4-sp-d16 -std=gnu11 -DUSE_STM32F4_DISCOVERY -DHSE_VALUE=8000000 -DSTM32F4XX -DUSE_STDPERIPH_DRIVER -I../src -I../Libraries/CMSIS/Include -I../Libraries/Device/STM32F4xx/Include -I../Libraries/STM32F4xx_StdPeriph_Driver/inc -I../Utilities/STM32F4-Discovery -I../FreeRTOS_Source/include -I../FreeRTOS_Source/portable/GCC/ARM_CM4F -O0 -ffunction-sections -fdata-sections -g -fstack-usage -Wall -specs=nano.specs -o src\main.o 
..\src\main.c: In function 'main':
..\src\main.c:253:28: warning: implicit declaration of function 'malloc' [-Wimplicit-function-declaration]
  int* task1Params = (int *)malloc(sizeof(int)*3);
                            ^~~~~~
..\src\main.c:253:28: warning: incompatible implicit declaration of built-in function 'malloc'
..\src\main.c:253:28: note: include '<stdlib.h>' or provide a declaration of 'malloc'
At top level:
..\src\main.c:366:13: warning: 'prvEventSemaphoreTask' defined but not used [-Wunused-function]
 static void prvEventSemaphoreTask( void *pvParameters )
             ^~~~~~~~~~~~~~~~~~~~~
..\src\main.c:341:13: warning: 'prvQueueReceiveTask' defined but not used [-Wunused-function]
 static void prvQueueReceiveTask( void *pvParameters )
             ^~~~~~~~~~~~~~~~~~~
..\src\main.c:313:13: warning: 'prvQueueSendTask' defined but not used [-Wunused-function]
 static void prvQueueSendTask( void *pvParameters )
             ^~~~~~~~~~~~~~~~
arm-atollic-eabi-gcc -o STM32F4_Discovery_FreeRTOS_Simple_Demo.elf FreeRTOS_Source\croutine.o FreeRTOS_Source\event_groups.o FreeRTOS_Source\list.o FreeRTOS_Source\portable\GCC\ARM_CM4F\port.o FreeRTOS_Source\portable\MemMang\heap_1.o FreeRTOS_Source\queue.o FreeRTOS_Source\tasks.o FreeRTOS_Source\timers.o Libraries\STM32F4xx_StdPeriph_Driver\src\misc.o Libraries\STM32F4xx_StdPeriph_Driver\src\stm32f4xx_adc.o Libraries\STM32F4xx_StdPeriph_Driver\src\stm32f4xx_can.o Libraries\STM32F4xx_StdPeriph_Driver\src\stm32f4xx_crc.o Libraries\STM32F4xx_StdPeriph_Driver\src\stm32f4xx_cryp.o Libraries\STM32F4xx_StdPeriph_Driver\src\stm32f4xx_cryp_aes.o Libraries\STM32F4xx_StdPeriph_Driver\src\stm32f4xx_cryp_des.o Libraries\STM32F4xx_StdPeriph_Driver\src\stm32f4xx_cryp_tdes.o Libraries\STM32F4xx_StdPeriph_Driver\src\stm32f4xx_dac.o Libraries\STM32F4xx_StdPeriph_Driver\src\stm32f4xx_dbgmcu.o Libraries\STM32F4xx_StdPeriph_Driver\src\stm32f4xx_dcmi.o Libraries\STM32F4xx_StdPeriph_Driver\src\stm32f4xx_dma.o Libraries\STM32F4xx_StdPeriph_Driver\src\stm32f4xx_exti.o Libraries\STM32F4xx_StdPeriph_Driver\src\stm32f4xx_flash.o Libraries\STM32F4xx_StdPeriph_Driver\src\stm32f4xx_fsmc.o Libraries\STM32F4xx_StdPeriph_Driver\src\stm32f4xx_gpio.o Libraries\STM32F4xx_StdPeriph_Driver\src\stm32f4xx_hash.o Libraries\STM32F4xx_StdPeriph_Driver\src\stm32f4xx_hash_md5.o Libraries\STM32F4xx_StdPeriph_Driver\src\stm32f4xx_hash_sha1.o Libraries\STM32F4xx_StdPeriph_Driver\src\stm32f4xx_i2c.o Libraries\STM32F4xx_StdPeriph_Driver\src\stm32f4xx_iwdg.o Libraries\STM32F4xx_StdPeriph_Driver\src\stm32f4xx_pwr.o Libraries\STM32F4xx_StdPeriph_Driver\src\stm32f4xx_rcc.o Libraries\STM32F4xx_StdPeriph_Driver\src\stm32f4xx_rng.o Libraries\STM32F4xx_StdPeriph_Driver\src\stm32f4xx_rtc.o Libraries\STM32F4xx_StdPeriph_Driver\src\stm32f4xx_sdio.o Libraries\STM32F4xx_StdPeriph_Driver\src\stm32f4xx_spi.o Libraries\STM32F4xx_StdPeriph_Driver\src\stm32f4xx_syscfg.o Libraries\STM32F4xx_StdPeriph_Driver\src\stm32f4xx_tim.o Libraries\STM32F4xx_StdPeriph_Driver\src\stm32f4xx_usart.o Libraries\STM32F4xx_StdPeriph_Driver\src\stm32f4xx_wwdg.o Utilities\STM32F4-Discovery\stm32f4_discovery.o Utilities\STM32F4-Discovery\stm32f4_discovery_audio_codec.o Utilities\STM32F4-Discovery\stm32f4_discovery_lis302dl.o src\STM32F4-Discovery_callback.o src\main.o src\startup_stm32f4xx.o src\stm32f4xx_it.o src\system_stm32f4xx.o src\tiny_printf.o -lm -mthumb -mcpu=cortex-m4 -mfloat-abi=softfp -mfpu=fpv4-sp-d16 -T../stm32f4_flash.ld -specs=nosys.specs -static -Wl,-cref,-u,Reset_Handler -Wl,-Map=STM32F4_Discovery_FreeRTOS_Simple_Demo.map -Wl,--gc-sections -Wl,--defsym=malloc_getpagesize_P=0x80 -Wl,--start-group -lc -lm -Wl,--end-group -specs=nano.specs 
C:\Program Files (x86)\Atollic\TrueSTUDIO for STM32 9.0.1\ide\jre\bin\java -jar C:\Program Files (x86)\Atollic\TrueSTUDIO for STM32 9.0.1\Tools\arm-atollic-reports.jar sizeinfo list STM32F4_Discovery_FreeRTOS_Simple_Demo.elf 
Generate build reports...
Print size information
   text	   data	    bss	    dec	    hex	filename
  15488	    152	   8776	  24416	   5f60	STM32F4_Discovery_FreeRTOS_Simple_Demo.elf
Print size information done
Generate listing file
Output sent to: STM32F4_Discovery_FreeRTOS_Simple_Demo.list
Generate listing file done
Generate build reports done
14:33:06 **** Incremental Build of configuration Debug for project STM32F4_Discovery_FreeRTOS_Simple_Demo ****
Info: Internal Builder is used for build
arm-atollic-eabi-gcc -c ..\src\main.c -mthumb -mcpu=cortex-m4 -mfloat-abi=softfp -mfpu=fpv4-sp-d16 -std=gnu11 -DUSE_STM32F4_DISCOVERY -DHSE_VALUE=8000000 -DSTM32F4XX -DUSE_STDPERIPH_DRIVER -I../src -I../Libraries/CMSIS/Include -I../Libraries/Device/STM32F4xx/Include -I../Libraries/STM32F4xx_StdPeriph_Driver/inc -I../Utilities/STM32F4-Discovery -I../FreeRTOS_Source/include -I../FreeRTOS_Source/portable/GCC/ARM_CM4F -O0 -ffunction-sections -fdata-sections -g -fstack-usage -Wall -specs=nano.specs -o src\main.o 
..\src\main.c: In function 'main':
..\src\main.c:253:28: warning: implicit declaration of function 'malloc' [-Wimplicit-function-declaration]
  int* task1Params = (int *)malloc(sizeof(int)*3);
                            ^~~~~~
..\src\main.c:253:28: warning: incompatible implicit declaration of built-in function 'malloc'
..\src\main.c:253:28: note: include '<stdlib.h>' or provide a declaration of 'malloc'
..\src\main.c: In function 'prvBlinkTask':
..\src\main.c:490:6: warning: variable 'runTime' set but not used [-Wunused-but-set-variable]
  int runTime = 0;
      ^~~~~~~
..\src\main.c:489:6: warning: variable 'period' set but not used [-Wunused-but-set-variable]
  int period = 0;
      ^~~~~~
At top level:
..\src\main.c:366:13: warning: 'prvEventSemaphoreTask' defined but not used [-Wunused-function]
 static void prvEventSemaphoreTask( void *pvParameters )
             ^~~~~~~~~~~~~~~~~~~~~
..\src\main.c:341:13: warning: 'prvQueueReceiveTask' defined but not used [-Wunused-function]
 static void prvQueueReceiveTask( void *pvParameters )
             ^~~~~~~~~~~~~~~~~~~
..\src\main.c:313:13: warning: 'prvQueueSendTask' defined but not used [-Wunused-function]
 static void prvQueueSendTask( void *pvParameters )
             ^~~~~~~~~~~~~~~~
arm-atollic-eabi-gcc -o STM32F4_Discovery_FreeRTOS_Simple_Demo.elf FreeRTOS_Source\croutine.o FreeRTOS_Source\event_groups.o FreeRTOS_Source\list.o FreeRTOS_Source\portable\GCC\ARM_CM4F\port.o FreeRTOS_Source\portable\MemMang\heap_1.o FreeRTOS_Source\queue.o FreeRTOS_Source\tasks.o FreeRTOS_Source\timers.o Libraries\STM32F4xx_StdPeriph_Driver\src\misc.o Libraries\STM32F4xx_StdPeriph_Driver\src\stm32f4xx_adc.o Libraries\STM32F4xx_StdPeriph_Driver\src\stm32f4xx_can.o Libraries\STM32F4xx_StdPeriph_Driver\src\stm32f4xx_crc.o Libraries\STM32F4xx_StdPeriph_Driver\src\stm32f4xx_cryp.o Libraries\STM32F4xx_StdPeriph_Driver\src\stm32f4xx_cryp_aes.o Libraries\STM32F4xx_StdPeriph_Driver\src\stm32f4xx_cryp_des.o Libraries\STM32F4xx_StdPeriph_Driver\src\stm32f4xx_cryp_tdes.o Libraries\STM32F4xx_StdPeriph_Driver\src\stm32f4xx_dac.o Libraries\STM32F4xx_StdPeriph_Driver\src\stm32f4xx_dbgmcu.o Libraries\STM32F4xx_StdPeriph_Driver\src\stm32f4xx_dcmi.o Libraries\STM32F4xx_StdPeriph_Driver\src\stm32f4xx_dma.o Libraries\STM32F4xx_StdPeriph_Driver\src\stm32f4xx_exti.o Libraries\STM32F4xx_StdPeriph_Driver\src\stm32f4xx_flash.o Libraries\STM32F4xx_StdPeriph_Driver\src\stm32f4xx_fsmc.o Libraries\STM32F4xx_StdPeriph_Driver\src\stm32f4xx_gpio.o Libraries\STM32F4xx_StdPeriph_Driver\src\stm32f4xx_hash.o Libraries\STM32F4xx_StdPeriph_Driver\src\stm32f4xx_hash_md5.o Libraries\STM32F4xx_StdPeriph_Driver\src\stm32f4xx_hash_sha1.o Libraries\STM32F4xx_StdPeriph_Driver\src\stm32f4xx_i2c.o Libraries\STM32F4xx_StdPeriph_Driver\src\stm32f4xx_iwdg.o Libraries\STM32F4xx_StdPeriph_Driver\src\stm32f4xx_pwr.o Libraries\STM32F4xx_StdPeriph_Driver\src\stm32f4xx_rcc.o Libraries\STM32F4xx_StdPeriph_Driver\src\stm32f4xx_rng.o Libraries\STM32F4xx_StdPeriph_Driver\src\stm32f4xx_rtc.o Libraries\STM32F4xx_StdPeriph_Driver\src\stm32f4xx_sdio.o Libraries\STM32F4xx_StdPeriph_Driver\src\stm32f4xx_spi.o Libraries\STM32F4xx_StdPeriph_Driver\src\stm32f4xx_syscfg.o Libraries\STM32F4xx_StdPeriph_Driver\src\stm32f4xx_tim.o Libraries\STM32F4xx_StdPeriph_Driver\src\stm32f4xx_usart.o Libraries\STM32F4xx_StdPeriph_Driver\src\stm32f4xx_wwdg.o Utilities\STM32F4-Discovery\stm32f4_discovery.o Utilities\STM32F4-Discovery\stm32f4_discovery_audio_codec.o Utilities\STM32F4-Discovery\stm32f4_discovery_lis302dl.o src\STM32F4-Discovery_callback.o src\main.o src\startup_stm32f4xx.o src\stm32f4xx_it.o src\system_stm32f4xx.o src\tiny_printf.o -lm -mthumb -mcpu=cortex-m4 -mfloat-abi=softfp -mfpu=fpv4-sp-d16 -T../stm32f4_flash.ld -specs=nosys.specs -static -Wl,-cref,-u,Reset_Handler -Wl,-Map=STM32F4_Discovery_FreeRTOS_Simple_Demo.map -Wl,--gc-sections -Wl,--defsym=malloc_getpagesize_P=0x80 -Wl,--start-group -lc -lm -Wl,--end-group -specs=nano.specs 
C:\Program Files (x86)\Atollic\TrueSTUDIO for STM32 9.0.1\ide\jre\bin\java -jar C:\Program Files (x86)\Atollic\TrueSTUDIO for STM32 9.0.1\Tools\arm-atollic-reports.jar sizeinfo list STM32F4_Discovery_FreeRTOS_Simple_Demo.elf 
Generate build reports...
Print size information
   text	   data	    bss	    dec	    hex	filename
  15488	    152	   8776	  24416	   5f60	STM32F4_Discovery_FreeRTOS_Simple_Demo.elf
Print size information done
Generate listing file
Output sent to: STM32F4_Discovery_FreeRTOS_Simple_Demo.list
Generate listing file done
Generate build reports done
14:33:57 **** Incremental Build of configuration Debug for project STM32F4_Discovery_FreeRTOS_Simple_Demo ****
Info: Internal Builder is used for build
arm-atollic-eabi-gcc -c ..\src\main.c -mthumb -mcpu=cortex-m4 -mfloat-abi=softfp -mfpu=fpv4-sp-d16 -std=gnu11 -DUSE_STM32F4_DISCOVERY -DHSE_VALUE=8000000 -DSTM32F4XX -DUSE_STDPERIPH_DRIVER -I../src -I../Libraries/CMSIS/Include -I../Libraries/Device/STM32F4xx/Include -I../Libraries/STM32F4xx_StdPeriph_Driver/inc -I../Utilities/STM32F4-Discovery -I../FreeRTOS_Source/include -I../FreeRTOS_Source/portable/GCC/ARM_CM4F -O0 -ffunction-sections -fdata-sections -g -fstack-usage -Wall -specs=nano.specs -o src\main.o 
..\src\main.c: In function 'main':
..\src\main.c:253:28: warning: implicit declaration of function 'malloc' [-Wimplicit-function-declaration]
  int* task1Params = (int *)malloc(sizeof(int)*3);
                            ^~~~~~
..\src\main.c:253:28: warning: incompatible implicit declaration of built-in function 'malloc'
..\src\main.c:253:28: note: include '<stdlib.h>' or provide a declaration of 'malloc'
At top level:
..\src\main.c:366:13: warning: 'prvEventSemaphoreTask' defined but not used [-Wunused-function]
 static void prvEventSemaphoreTask( void *pvParameters )
             ^~~~~~~~~~~~~~~~~~~~~
..\src\main.c:341:13: warning: 'prvQueueReceiveTask' defined but not used [-Wunused-function]
 static void prvQueueReceiveTask( void *pvParameters )
             ^~~~~~~~~~~~~~~~~~~
..\src\main.c:313:13: warning: 'prvQueueSendTask' defined but not used [-Wunused-function]
 static void prvQueueSendTask( void *pvParameters )
             ^~~~~~~~~~~~~~~~
arm-atollic-eabi-gcc -o STM32F4_Discovery_FreeRTOS_Simple_Demo.elf FreeRTOS_Source\croutine.o FreeRTOS_Source\event_groups.o FreeRTOS_Source\list.o FreeRTOS_Source\portable\GCC\ARM_CM4F\port.o FreeRTOS_Source\portable\MemMang\heap_1.o FreeRTOS_Source\queue.o FreeRTOS_Source\tasks.o FreeRTOS_Source\timers.o Libraries\STM32F4xx_StdPeriph_Driver\src\misc.o Libraries\STM32F4xx_StdPeriph_Driver\src\stm32f4xx_adc.o Libraries\STM32F4xx_StdPeriph_Driver\src\stm32f4xx_can.o Libraries\STM32F4xx_StdPeriph_Driver\src\stm32f4xx_crc.o Libraries\STM32F4xx_StdPeriph_Driver\src\stm32f4xx_cryp.o Libraries\STM32F4xx_StdPeriph_Driver\src\stm32f4xx_cryp_aes.o Libraries\STM32F4xx_StdPeriph_Driver\src\stm32f4xx_cryp_des.o Libraries\STM32F4xx_StdPeriph_Driver\src\stm32f4xx_cryp_tdes.o Libraries\STM32F4xx_StdPeriph_Driver\src\stm32f4xx_dac.o Libraries\STM32F4xx_StdPeriph_Driver\src\stm32f4xx_dbgmcu.o Libraries\STM32F4xx_StdPeriph_Driver\src\stm32f4xx_dcmi.o Libraries\STM32F4xx_StdPeriph_Driver\src\stm32f4xx_dma.o Libraries\STM32F4xx_StdPeriph_Driver\src\stm32f4xx_exti.o Libraries\STM32F4xx_StdPeriph_Driver\src\stm32f4xx_flash.o Libraries\STM32F4xx_StdPeriph_Driver\src\stm32f4xx_fsmc.o Libraries\STM32F4xx_StdPeriph_Driver\src\stm32f4xx_gpio.o Libraries\STM32F4xx_StdPeriph_Driver\src\stm32f4xx_hash.o Libraries\STM32F4xx_StdPeriph_Driver\src\stm32f4xx_hash_md5.o Libraries\STM32F4xx_StdPeriph_Driver\src\stm32f4xx_hash_sha1.o Libraries\STM32F4xx_StdPeriph_Driver\src\stm32f4xx_i2c.o Libraries\STM32F4xx_StdPeriph_Driver\src\stm32f4xx_iwdg.o Libraries\STM32F4xx_StdPeriph_Driver\src\stm32f4xx_pwr.o Libraries\STM32F4xx_StdPeriph_Driver\src\stm32f4xx_rcc.o Libraries\STM32F4xx_StdPeriph_Driver\src\stm32f4xx_rng.o Libraries\STM32F4xx_StdPeriph_Driver\src\stm32f4xx_rtc.o Libraries\STM32F4xx_StdPeriph_Driver\src\stm32f4xx_sdio.o Libraries\STM32F4xx_StdPeriph_Driver\src\stm32f4xx_spi.o Libraries\STM32F4xx_StdPeriph_Driver\src\stm32f4xx_syscfg.o Libraries\STM32F4xx_StdPeriph_Driver\src\stm32f4xx_tim.o Libraries\STM32F4xx_StdPeriph_Driver\src\stm32f4xx_usart.o Libraries\STM32F4xx_StdPeriph_Driver\src\stm32f4xx_wwdg.o Utilities\STM32F4-Discovery\stm32f4_discovery.o Utilities\STM32F4-Discovery\stm32f4_discovery_audio_codec.o Utilities\STM32F4-Discovery\stm32f4_discovery_lis302dl.o src\STM32F4-Discovery_callback.o src\main.o src\startup_stm32f4xx.o src\stm32f4xx_it.o src\system_stm32f4xx.o src\tiny_printf.o -lm -mthumb -mcpu=cortex-m4 -mfloat-abi=softfp -mfpu=fpv4-sp-d16 -T../stm32f4_flash.ld -specs=nosys.specs -static -Wl,-cref,-u,Reset_Handler -Wl,-Map=STM32F4_Discovery_FreeRTOS_Simple_Demo.map -Wl,--gc-sections -Wl,--defsym=malloc_getpagesize_P=0x80 -Wl,--start-group -lc -lm -Wl,--end-group -specs=nano.specs 
C:\Program Files (x86)\Atollic\TrueSTUDIO for STM32 9.0.1\ide\jre\bin\java -jar C:\Program Files (x86)\Atollic\TrueSTUDIO for STM32 9.0.1\Tools\arm-atollic-reports.jar sizeinfo list STM32F4_Discovery_FreeRTOS_Simple_Demo.elf 
Generate build reports...
Print size information
   text	   data	    bss	    dec	    hex	filename
  15488	    152	   8776	  24416	   5f60	STM32F4_Discovery_FreeRTOS_Simple_Demo.elf
Print size information done
Generate listing file
Output sent to: STM32F4_Discovery_FreeRTOS_Simple_Demo.list
Generate listing file done
Generate build reports done
14:42:49 **** Incremental Build of configuration Debug for project STM32F4_Discovery_FreeRTOS_Simple_Demo ****
Info: Internal Builder is used for build
arm-atollic-eabi-gcc -c ..\src\main.c -mthumb -mcpu=cortex-m4 -mfloat-abi=softfp -mfpu=fpv4-sp-d16 -std=gnu11 -DUSE_STM32F4_DISCOVERY -DHSE_VALUE=8000000 -DSTM32F4XX -DUSE_STDPERIPH_DRIVER -I../src -I../Libraries/CMSIS/Include -I../Libraries/Device/STM32F4xx/Include -I../Libraries/STM32F4xx_StdPeriph_Driver/inc -I../Utilities/STM32F4-Discovery -I../FreeRTOS_Source/include -I../FreeRTOS_Source/portable/GCC/ARM_CM4F -O0 -ffunction-sections -fdata-sections -g -fstack-usage -Wall -specs=nano.specs -o src\main.o 
..\src\main.c: In function 'main':
..\src\main.c:253:28: warning: implicit declaration of function 'malloc' [-Wimplicit-function-declaration]
  int* task1Params = (int *)malloc(sizeof(int)*3);
                            ^~~~~~
..\src\main.c:253:28: warning: incompatible implicit declaration of built-in function 'malloc'
..\src\main.c:253:28: note: include '<stdlib.h>' or provide a declaration of 'malloc'
At top level:
..\src\main.c:366:13: warning: 'prvEventSemaphoreTask' defined but not used [-Wunused-function]
 static void prvEventSemaphoreTask( void *pvParameters )
             ^~~~~~~~~~~~~~~~~~~~~
..\src\main.c:341:13: warning: 'prvQueueReceiveTask' defined but not used [-Wunused-function]
 static void prvQueueReceiveTask( void *pvParameters )
             ^~~~~~~~~~~~~~~~~~~
..\src\main.c:313:13: warning: 'prvQueueSendTask' defined but not used [-Wunused-function]
 static void prvQueueSendTask( void *pvParameters )
             ^~~~~~~~~~~~~~~~
arm-atollic-eabi-gcc -o STM32F4_Discovery_FreeRTOS_Simple_Demo.elf FreeRTOS_Source\croutine.o FreeRTOS_Source\event_groups.o FreeRTOS_Source\list.o FreeRTOS_Source\portable\GCC\ARM_CM4F\port.o FreeRTOS_Source\portable\MemMang\heap_1.o FreeRTOS_Source\queue.o FreeRTOS_Source\tasks.o FreeRTOS_Source\timers.o Libraries\STM32F4xx_StdPeriph_Driver\src\misc.o Libraries\STM32F4xx_StdPeriph_Driver\src\stm32f4xx_adc.o Libraries\STM32F4xx_StdPeriph_Driver\src\stm32f4xx_can.o Libraries\STM32F4xx_StdPeriph_Driver\src\stm32f4xx_crc.o Libraries\STM32F4xx_StdPeriph_Driver\src\stm32f4xx_cryp.o Libraries\STM32F4xx_StdPeriph_Driver\src\stm32f4xx_cryp_aes.o Libraries\STM32F4xx_StdPeriph_Driver\src\stm32f4xx_cryp_des.o Libraries\STM32F4xx_StdPeriph_Driver\src\stm32f4xx_cryp_tdes.o Libraries\STM32F4xx_StdPeriph_Driver\src\stm32f4xx_dac.o Libraries\STM32F4xx_StdPeriph_Driver\src\stm32f4xx_dbgmcu.o Libraries\STM32F4xx_StdPeriph_Driver\src\stm32f4xx_dcmi.o Libraries\STM32F4xx_StdPeriph_Driver\src\stm32f4xx_dma.o Libraries\STM32F4xx_StdPeriph_Driver\src\stm32f4xx_exti.o Libraries\STM32F4xx_StdPeriph_Driver\src\stm32f4xx_flash.o Libraries\STM32F4xx_StdPeriph_Driver\src\stm32f4xx_fsmc.o Libraries\STM32F4xx_StdPeriph_Driver\src\stm32f4xx_gpio.o Libraries\STM32F4xx_StdPeriph_Driver\src\stm32f4xx_hash.o Libraries\STM32F4xx_StdPeriph_Driver\src\stm32f4xx_hash_md5.o Libraries\STM32F4xx_StdPeriph_Driver\src\stm32f4xx_hash_sha1.o Libraries\STM32F4xx_StdPeriph_Driver\src\stm32f4xx_i2c.o Libraries\STM32F4xx_StdPeriph_Driver\src\stm32f4xx_iwdg.o Libraries\STM32F4xx_StdPeriph_Driver\src\stm32f4xx_pwr.o Libraries\STM32F4xx_StdPeriph_Driver\src\stm32f4xx_rcc.o Libraries\STM32F4xx_StdPeriph_Driver\src\stm32f4xx_rng.o Libraries\STM32F4xx_StdPeriph_Driver\src\stm32f4xx_rtc.o Libraries\STM32F4xx_StdPeriph_Driver\src\stm32f4xx_sdio.o Libraries\STM32F4xx_StdPeriph_Driver\src\stm32f4xx_spi.o Libraries\STM32F4xx_StdPeriph_Driver\src\stm32f4xx_syscfg.o Libraries\STM32F4xx_StdPeriph_Driver\src\stm32f4xx_tim.o Libraries\STM32F4xx_StdPeriph_Driver\src\stm32f4xx_usart.o Libraries\STM32F4xx_StdPeriph_Driver\src\stm32f4xx_wwdg.o Utilities\STM32F4-Discovery\stm32f4_discovery.o Utilities\STM32F4-Discovery\stm32f4_discovery_audio_codec.o Utilities\STM32F4-Discovery\stm32f4_discovery_lis302dl.o src\STM32F4-Discovery_callback.o src\main.o src\startup_stm32f4xx.o src\stm32f4xx_it.o src\system_stm32f4xx.o src\tiny_printf.o -lm -mthumb -mcpu=cortex-m4 -mfloat-abi=softfp -mfpu=fpv4-sp-d16 -T../stm32f4_flash.ld -specs=nosys.specs -static -Wl,-cref,-u,Reset_Handler -Wl,-Map=STM32F4_Discovery_FreeRTOS_Simple_Demo.map -Wl,--gc-sections -Wl,--defsym=malloc_getpagesize_P=0x80 -Wl,--start-group -lc -lm -Wl,--end-group -specs=nano.specs 
C:\Program Files (x86)\Atollic\TrueSTUDIO for STM32 9.0.1\ide\jre\bin\java -jar C:\Program Files (x86)\Atollic\TrueSTUDIO for STM32 9.0.1\Tools\arm-atollic-reports.jar sizeinfo list STM32F4_Discovery_FreeRTOS_Simple_Demo.elf 
Generate build reports...
Print size information
   text	   data	    bss	    dec	    hex	filename
  15488	    152	   8776	  24416	   5f60	STM32F4_Discovery_FreeRTOS_Simple_Demo.elf
Print size information done
Generate listing file
Output sent to: STM32F4_Discovery_FreeRTOS_Simple_Demo.list
Generate listing file done
Generate build reports done
