core_cm4.h:1037:22:NVIC_SetPriorityGrouping	24	static
main.c:218:5:main	32	static
main.c:304:13:vExampleTimerCallback	16	static
main.c:313:13:prvQueueSendTask	24	static
main.c:341:13:prvQueueReceiveTask	24	static
main.c:366:13:prvEventSemaphoreTask	16	static
main.c:379:6:vApplicationTickHook	16	static
main.c:416:6:vApplicationMallocFailedHook	4	static
main.c:430:6:vApplicationStackOverflowHook	16	static
main.c:444:6:vApplicationIdleHook	16	static
main.c:466:13:prvSetupHardware	8	static
main.c:485:13:prvBlinkTask	32	static
main.c:515:13:CPU_work	40	static
