core_cm4.h:1037:22:NVIC_SetPriorityGrouping	24	static
main.c:218:5:main	24	static
main.c:318:13:vExampleTimerCallback	16	static
main.c:327:13:prvQueueSendTask	24	static
main.c:355:13:prvQueueReceiveTask	24	static
main.c:380:13:prvEventSemaphoreTask	16	static
main.c:393:6:vApplicationTickHook	16	static
main.c:430:6:vApplicationMallocFailedHook	4	static
main.c:444:6:vApplicationStackOverflowHook	16	static
main.c:458:6:vApplicationIdleHook	16	static
main.c:480:13:prvSetupHardware	8	static
main.c:492:13:prvBlinkTask	16	static
main.c:518:13:CPU_work	40	static
